20:13:00 **** Incremental Build of configuration Debug for project raw_socket ****
make pre-build main-build 
a9-linaro-pre-build-step
' '
make: Nothing to be done for `main-build'.
20:13:20 **** Incremental Build of configuration Debug for project raw_socket_1 ****
make pre-build main-build 
a9-linaro-pre-build-step
' '
make: Nothing to be done for `main-build'.
20:13:22 **** Incremental Build of configuration Debug for project raw_socket ****
make pre-build main-build 
a9-linaro-pre-build-step
' '
make: Nothing to be done for `main-build'.
20:14:59 **** Incremental Build of configuration Debug for project raw_socket_1 ****
make pre-build main-build 
a9-linaro-pre-build-step
' '
make: Nothing to be done for `main-build'.
20:15:01 **** Incremental Build of configuration Debug for project raw_socket ****
make pre-build main-build 
a9-linaro-pre-build-step
' '
make: Nothing to be done for `main-build'.
20:19:24 **** Auto Build of configuration Debug for project raw_socket_1 ****
make pre-build main-build 
a9-linaro-pre-build-step
' '
'Building file: ../src/my_mac_driver.c'
'Invoking: ARM v7 gcc compiler'
arm-none-eabi-gcc -Wall -O0 -g3 -c -fmessage-length=0 -MT"src/my_mac_driver.o" -mcpu=cortex-a9 -mfpu=vfpv3 -mfloat-abi=hard -I../../raw_socket_1_bsp/ps7_cortexa9_0/include -MMD -MP -MF"src/my_mac_driver.d" -MT"src/my_mac_driver.o" -o "src/my_mac_driver.o" "../src/my_mac_driver.c"
../src/my_mac_driver.c: In function 'XEmacPs_Rx_InterruptHandler':
../src/my_mac_driver.c:233:15: warning: variable 'recvlen' set but not used [-Wunused-but-set-variable]
  unsigned int recvlen = 0;
               ^
../src/my_mac_driver.c: In function 'XEmacPs_Tx_InterruptHandler':
../src/my_mac_driver.c:276:6: warning: variable 'BufLen' set but not used [-Wunused-but-set-variable]
  int BufLen;
      ^
../src/my_mac_driver.c:275:8: warning: variable 'BufAddr' set but not used [-Wunused-but-set-variable]
  void *BufAddr;
        ^
../src/my_mac_driver.c: In function 'XEmacPs_TimerInterruptHandler_MY':
../src/my_mac_driver.c:190:10: warning: 'data_send' may be used uninitialized in this function [-Wmaybe-uninitialized]
   strcpy(data_send->data_1,"I am zynq");
          ^
'Finished building: ../src/my_mac_driver.c'
' '
'Building target: raw_socket_1.elf'
'Invoking: ARM v7 gcc linker'
arm-none-eabi-gcc -mcpu=cortex-a9 -mfpu=vfpv3 -mfloat-abi=hard -Wl,-build-id=none -specs=Xilinx.spec -Wl,-T -Wl,../src/lscript.ld -L../../raw_socket_1_bsp/ps7_cortexa9_0/lib -o "raw_socket_1.elf"  ./src/helloworld.o ./src/my_mac_driver.o ./src/platform.o   -Wl,--start-group,-lxil,-lgcc,-lc,--end-group
'Finished building target: raw_socket_1.elf'
' '
'Invoking: ARM v7 Print Size'
arm-none-eabi-size raw_socket_1.elf  |tee "raw_socket_1.elf.size"
   text	   data	    bss	    dec	    hex	filename
  97728	   4192	  31212	 133132	  2080c	raw_socket_1.elf
'Finished building: raw_socket_1.elf.size'
' '
20:20:12 **** Auto Build of configuration Debug for project raw_socket_1 ****
make pre-build main-build 
a9-linaro-pre-build-step
' '
'Building file: ../src/my_mac_driver.c'
'Invoking: ARM v7 gcc compiler'
arm-none-eabi-gcc -Wall -O0 -g3 -c -fmessage-length=0 -MT"src/my_mac_driver.o" -mcpu=cortex-a9 -mfpu=vfpv3 -mfloat-abi=hard -I../../raw_socket_1_bsp/ps7_cortexa9_0/include -MMD -MP -MF"src/my_mac_driver.d" -MT"src/my_mac_driver.o" -o "src/my_mac_driver.o" "../src/my_mac_driver.c"
../src/my_mac_driver.c: In function 'XEmacPs_Rx_InterruptHandler':
../src/my_mac_driver.c:233:15: warning: variable 'recvlen' set but not used [-Wunused-but-set-variable]
  unsigned int recvlen = 0;
               ^
../src/my_mac_driver.c: In function 'XEmacPs_Tx_InterruptHandler':
../src/my_mac_driver.c:276:6: warning: variable 'BufLen' set but not used [-Wunused-but-set-variable]
  int BufLen;
      ^
../src/my_mac_driver.c:275:8: warning: variable 'BufAddr' set but not used [-Wunused-but-set-variable]
  void *BufAddr;
        ^
../src/my_mac_driver.c: In function 'XEmacPs_TimerInterruptHandler_MY':
../src/my_mac_driver.c:190:10: warning: 'data_send' may be used uninitialized in this function [-Wmaybe-uninitialized]
   strcpy(data_send->data_1,"I am zynq");
          ^
'Finished building: ../src/my_mac_driver.c'
' '
'Building target: raw_socket_1.elf'
'Invoking: ARM v7 gcc linker'
arm-none-eabi-gcc -mcpu=cortex-a9 -mfpu=vfpv3 -mfloat-abi=hard -Wl,-build-id=none -specs=Xilinx.spec -Wl,-T -Wl,../src/lscript.ld -L../../raw_socket_1_bsp/ps7_cortexa9_0/lib -o "raw_socket_1.elf"  ./src/helloworld.o ./src/my_mac_driver.o ./src/platform.o   -Wl,--start-group,-lxil,-lgcc,-lc,--end-group
'Finished building target: raw_socket_1.elf'
' '
'Invoking: ARM v7 Print Size'
arm-none-eabi-size raw_socket_1.elf  |tee "raw_socket_1.elf.size"
   text	   data	    bss	    dec	    hex	filename
  97728	   4192	  31212	 133132	  2080c	raw_socket_1.elf
'Finished building: raw_socket_1.elf.size'
' '
20:21:00 **** Incremental Build of configuration Debug for project raw_socket_1 ****
make pre-build main-build 
a9-linaro-pre-build-step
' '
make: Nothing to be done for `main-build'.
20:21:01 **** Incremental Build of configuration Debug for project raw_socket ****
make pre-build main-build 
a9-linaro-pre-build-step
' '
make: Nothing to be done for `main-build'.
