21:01:40 **** Build of project hls_prj_bsp ****
make -k all 
"Running Make include in ps7_cortexa9_0/libsrc/coresightps_dcc_v1_2/src"
make -C ps7_cortexa9_0/libsrc/coresightps_dcc_v1_2/src -s include  "SHELL=CMD" "COMPILER=arm-none-eabi-gcc" "ARCHIVER=arm-none-eabi-ar" "COMPILER_FLAGS=  -O2 -c" "EXTRA_COMPILER_FLAGS=-mcpu=cortex-a9 -mfpu=vfpv3 -mfloat-abi=hard -nostartfiles"
"Running Make include in ps7_cortexa9_0/libsrc/cpu_cortexa9_v2_2/src"
make -C ps7_cortexa9_0/libsrc/cpu_cortexa9_v2_2/src -s include  "SHELL=CMD" "COMPILER=arm-none-eabi-gcc" "ARCHIVER=arm-none-eabi-ar" "COMPILER_FLAGS=  -O2 -c" "EXTRA_COMPILER_FLAGS=-mcpu=cortex-a9 -mfpu=vfpv3 -mfloat-abi=hard -nostartfiles"
"Running Make include in ps7_cortexa9_0/libsrc/ddrps_v1_0/src"
make -C ps7_cortexa9_0/libsrc/ddrps_v1_0/src -s include  "SHELL=CMD" "COMPILER=arm-none-eabi-gcc" "ARCHIVER=arm-none-eabi-ar" "COMPILER_FLAGS=  -O2 -c" "EXTRA_COMPILER_FLAGS=-mcpu=cortex-a9 -mfpu=vfpv3 -mfloat-abi=hard -nostartfiles"
"Running Make include in ps7_cortexa9_0/libsrc/devcfg_v3_4/src"
make -C ps7_cortexa9_0/libsrc/devcfg_v3_4/src -s include  "SHELL=CMD" "COMPILER=arm-none-eabi-gcc" "ARCHIVER=arm-none-eabi-ar" "COMPILER_FLAGS=  -O2 -c" "EXTRA_COMPILER_FLAGS=-mcpu=cortex-a9 -mfpu=vfpv3 -mfloat-abi=hard -nostartfiles"
"Running Make include in ps7_cortexa9_0/libsrc/dmaps_v2_1/src"
make -C ps7_cortexa9_0/libsrc/dmaps_v2_1/src -s include  "SHELL=CMD" "COMPILER=arm-none-eabi-gcc" "ARCHIVER=arm-none-eabi-ar" "COMPILER_FLAGS=  -O2 -c" "EXTRA_COMPILER_FLAGS=-mcpu=cortex-a9 -mfpu=vfpv3 -mfloat-abi=hard -nostartfiles"
"Running Make include in ps7_cortexa9_0/libsrc/emacps_v3_2/src"
make -C ps7_cortexa9_0/libsrc/emacps_v3_2/src -s include  "SHELL=CMD" "COMPILER=arm-none-eabi-gcc" "ARCHIVER=arm-none-eabi-ar" "COMPILER_FLAGS=  -O2 -c" "EXTRA_COMPILER_FLAGS=-mcpu=cortex-a9 -mfpu=vfpv3 -mfloat-abi=hard -nostartfiles"
"Running Make include in ps7_cortexa9_0/libsrc/gpio_v4_1/src"
make -C ps7_cortexa9_0/libsrc/gpio_v4_1/src -s include  "SHELL=CMD" "COMPILER=arm-none-eabi-gcc" "ARCHIVER=arm-none-eabi-ar" "COMPILER_FLAGS=  -O2 -c" "EXTRA_COMPILER_FLAGS=-mcpu=cortex-a9 -mfpu=vfpv3 -mfloat-abi=hard -nostartfiles"
"Running Make include in ps7_cortexa9_0/libsrc/gpiops_v3_1/src"
make -C ps7_cortexa9_0/libsrc/gpiops_v3_1/src -s include  "SHELL=CMD" "COMPILER=arm-none-eabi-gcc" "ARCHIVER=arm-none-eabi-ar" "COMPILER_FLAGS=  -O2 -c" "EXTRA_COMPILER_FLAGS=-mcpu=cortex-a9 -mfpu=vfpv3 -mfloat-abi=hard -nostartfiles"
"Running Make include in ps7_cortexa9_0/libsrc/pid_regulator_v1_0/src"
make -C ps7_cortexa9_0/libsrc/pid_regulator_v1_0/src -s include  "SHELL=CMD" "COMPILER=arm-none-eabi-gcc" "ARCHIVER=arm-none-eabi-ar" "COMPILER_FLAGS=  -O2 -c" "EXTRA_COMPILER_FLAGS=-mcpu=cortex-a9 -mfpu=vfpv3 -mfloat-abi=hard -nostartfiles"
"Running Make include in ps7_cortexa9_0/libsrc/qspips_v3_3/src"
make -C ps7_cortexa9_0/libsrc/qspips_v3_3/src -s include  "SHELL=CMD" "COMPILER=arm-none-eabi-gcc" "ARCHIVER=arm-none-eabi-ar" "COMPILER_FLAGS=  -O2 -c" "EXTRA_COMPILER_FLAGS=-mcpu=cortex-a9 -mfpu=vfpv3 -mfloat-abi=hard -nostartfiles"
"Running Make include in ps7_cortexa9_0/libsrc/scugic_v3_2/src"
make -C ps7_cortexa9_0/libsrc/scugic_v3_2/src -s include  "SHELL=CMD" "COMPILER=arm-none-eabi-gcc" "ARCHIVER=arm-none-eabi-ar" "COMPILER_FLAGS=  -O2 -c" "EXTRA_COMPILER_FLAGS=-mcpu=cortex-a9 -mfpu=vfpv3 -mfloat-abi=hard -nostartfiles"
"Running Make include in ps7_cortexa9_0/libsrc/scutimer_v2_1/src"
make -C ps7_cortexa9_0/libsrc/scutimer_v2_1/src -s include  "SHELL=CMD" "COMPILER=arm-none-eabi-gcc" "ARCHIVER=arm-none-eabi-ar" "COMPILER_FLAGS=  -O2 -c" "EXTRA_COMPILER_FLAGS=-mcpu=cortex-a9 -mfpu=vfpv3 -mfloat-abi=hard -nostartfiles"
"Running Make include in ps7_cortexa9_0/libsrc/scuwdt_v2_1/src"
make -C ps7_cortexa9_0/libsrc/scuwdt_v2_1/src -s include  "SHELL=CMD" "COMPILER=arm-none-eabi-gcc" "ARCHIVER=arm-none-eabi-ar" "COMPILER_FLAGS=  -O2 -c" "EXTRA_COMPILER_FLAGS=-mcpu=cortex-a9 -mfpu=vfpv3 -mfloat-abi=hard -nostartfiles"
"Running Make include in ps7_cortexa9_0/libsrc/sdps_v2_7/src"
make -C ps7_cortexa9_0/libsrc/sdps_v2_7/src -s include  "SHELL=CMD" "COMPILER=arm-none-eabi-gcc" "ARCHIVER=arm-none-eabi-ar" "COMPILER_FLAGS=  -O2 -c" "EXTRA_COMPILER_FLAGS=-mcpu=cortex-a9 -mfpu=vfpv3 -mfloat-abi=hard -nostartfiles"
"Running Make include in ps7_cortexa9_0/libsrc/standalone_v5_4/src"
make -C ps7_cortexa9_0/libsrc/standalone_v5_4/src -s include  "SHELL=CMD" "COMPILER=arm-none-eabi-gcc" "ARCHIVER=arm-none-eabi-ar" "COMPILER_FLAGS=  -O2 -c" "EXTRA_COMPILER_FLAGS=-mcpu=cortex-a9 -mfpu=vfpv3 -mfloat-abi=hard -nostartfiles"
"Running Make include in ps7_cortexa9_0/libsrc/uartps_v3_1/src"
make -C ps7_cortexa9_0/libsrc/uartps_v3_1/src -s include  "SHELL=CMD" "COMPILER=arm-none-eabi-gcc" "ARCHIVER=arm-none-eabi-ar" "COMPILER_FLAGS=  -O2 -c" "EXTRA_COMPILER_FLAGS=-mcpu=cortex-a9 -mfpu=vfpv3 -mfloat-abi=hard -nostartfiles"
"Running Make include in ps7_cortexa9_0/libsrc/usbps_v2_3/src"
make -C ps7_cortexa9_0/libsrc/usbps_v2_3/src -s include  "SHELL=CMD" "COMPILER=arm-none-eabi-gcc" "ARCHIVER=arm-none-eabi-ar" "COMPILER_FLAGS=  -O2 -c" "EXTRA_COMPILER_FLAGS=-mcpu=cortex-a9 -mfpu=vfpv3 -mfloat-abi=hard -nostartfiles"
"Running Make include in ps7_cortexa9_0/libsrc/xadcps_v2_2/src"
make -C ps7_cortexa9_0/libsrc/xadcps_v2_2/src -s include  "SHELL=CMD" "COMPILER=arm-none-eabi-gcc" "ARCHIVER=arm-none-eabi-ar" "COMPILER_FLAGS=  -O2 -c" "EXTRA_COMPILER_FLAGS=-mcpu=cortex-a9 -mfpu=vfpv3 -mfloat-abi=hard -nostartfiles"
"Running Make libs in ps7_cortexa9_0/libsrc/coresightps_dcc_v1_2/src"
make -C ps7_cortexa9_0/libsrc/coresightps_dcc_v1_2/src -s libs  "SHELL=CMD" "COMPILER=arm-none-eabi-gcc" "ARCHIVER=arm-none-eabi-ar" "COMPILER_FLAGS=  -O2 -c" "EXTRA_COMPILER_FLAGS=-mcpu=cortex-a9 -mfpu=vfpv3 -mfloat-abi=hard -nostartfiles"
"Compiling coresightps_dcc"
arm-none-eabi-ar: ÕýÔÚ´´½¨ ../../../lib/libxil.a
"Running Make libs in ps7_cortexa9_0/libsrc/cpu_cortexa9_v2_2/src"
make -C ps7_cortexa9_0/libsrc/cpu_cortexa9_v2_2/src -s libs  "SHELL=CMD" "COMPILER=arm-none-eabi-gcc" "ARCHIVER=arm-none-eabi-ar" "COMPILER_FLAGS=  -O2 -c" "EXTRA_COMPILER_FLAGS=-mcpu=cortex-a9 -mfpu=vfpv3 -mfloat-abi=hard -nostartfiles"
"Compiling cpu_cortexa9"
"Running Make libs in ps7_cortexa9_0/libsrc/ddrps_v1_0/src"
make -C ps7_cortexa9_0/libsrc/ddrps_v1_0/src -s libs  "SHELL=CMD" "COMPILER=arm-none-eabi-gcc" "ARCHIVER=arm-none-eabi-ar" "COMPILER_FLAGS=  -O2 -c" "EXTRA_COMPILER_FLAGS=-mcpu=cortex-a9 -mfpu=vfpv3 -mfloat-abi=hard -nostartfiles"
"Compiling ddrps"
"Running Make libs in ps7_cortexa9_0/libsrc/devcfg_v3_4/src"
make -C ps7_cortexa9_0/libsrc/devcfg_v3_4/src -s libs  "SHELL=CMD" "COMPILER=arm-none-eabi-gcc" "ARCHIVER=arm-none-eabi-ar" "COMPILER_FLAGS=  -O2 -c" "EXTRA_COMPILER_FLAGS=-mcpu=cortex-a9 -mfpu=vfpv3 -mfloat-abi=hard -nostartfiles"
"Compiling devcfg"
"Running Make libs in ps7_cortexa9_0/libsrc/dmaps_v2_1/src"
make -C ps7_cortexa9_0/libsrc/dmaps_v2_1/src -s libs  "SHELL=CMD" "COMPILER=arm-none-eabi-gcc" "ARCHIVER=arm-none-eabi-ar" "COMPILER_FLAGS=  -O2 -c" "EXTRA_COMPILER_FLAGS=-mcpu=cortex-a9 -mfpu=vfpv3 -mfloat-abi=hard -nostartfiles"
"Compiling dmaps"
"Running Make libs in ps7_cortexa9_0/libsrc/emacps_v3_2/src"
make -C ps7_cortexa9_0/libsrc/emacps_v3_2/src -s libs  "SHELL=CMD" "COMPILER=arm-none-eabi-gcc" "ARCHIVER=arm-none-eabi-ar" "COMPILER_FLAGS=  -O2 -c" "EXTRA_COMPILER_FLAGS=-mcpu=cortex-a9 -mfpu=vfpv3 -mfloat-abi=hard -nostartfiles"
"Compiling emacps"
"Running Make libs in ps7_cortexa9_0/libsrc/gpio_v4_1/src"
make -C ps7_cortexa9_0/libsrc/gpio_v4_1/src -s libs  "SHELL=CMD" "COMPILER=arm-none-eabi-gcc" "ARCHIVER=arm-none-eabi-ar" "COMPILER_FLAGS=  -O2 -c" "EXTRA_COMPILER_FLAGS=-mcpu=cortex-a9 -mfpu=vfpv3 -mfloat-abi=hard -nostartfiles"
"Compiling gpio"
"Running Make libs in ps7_cortexa9_0/libsrc/gpiops_v3_1/src"
make -C ps7_cortexa9_0/libsrc/gpiops_v3_1/src -s libs  "SHELL=CMD" "COMPILER=arm-none-eabi-gcc" "ARCHIVER=arm-none-eabi-ar" "COMPILER_FLAGS=  -O2 -c" "EXTRA_COMPILER_FLAGS=-mcpu=cortex-a9 -mfpu=vfpv3 -mfloat-abi=hard -nostartfiles"
"Compiling gpiops"
"Running Make libs in ps7_cortexa9_0/libsrc/pid_regulator_v1_0/src"
make -C ps7_cortexa9_0/libsrc/pid_regulator_v1_0/src -s libs  "SHELL=CMD" "COMPILER=arm-none-eabi-gcc" "ARCHIVER=arm-none-eabi-ar" "COMPILER_FLAGS=  -O2 -c" "EXTRA_COMPILER_FLAGS=-mcpu=cortex-a9 -mfpu=vfpv3 -mfloat-abi=hard -nostartfiles"
"Compiling pid_regulator"
"Running Make libs in ps7_cortexa9_0/libsrc/qspips_v3_3/src"
make -C ps7_cortexa9_0/libsrc/qspips_v3_3/src -s libs  "SHELL=CMD" "COMPILER=arm-none-eabi-gcc" "ARCHIVER=arm-none-eabi-ar" "COMPILER_FLAGS=  -O2 -c" "EXTRA_COMPILER_FLAGS=-mcpu=cortex-a9 -mfpu=vfpv3 -mfloat-abi=hard -nostartfiles"
"Compiling qspips"
"Running Make libs in ps7_cortexa9_0/libsrc/scugic_v3_2/src"
make -C ps7_cortexa9_0/libsrc/scugic_v3_2/src -s libs  "SHELL=CMD" "COMPILER=arm-none-eabi-gcc" "ARCHIVER=arm-none-eabi-ar" "COMPILER_FLAGS=  -O2 -c" "EXTRA_COMPILER_FLAGS=-mcpu=cortex-a9 -mfpu=vfpv3 -mfloat-abi=hard -nostartfiles"
"Compiling scugic"
"Running Make libs in ps7_cortexa9_0/libsrc/scutimer_v2_1/src"
make -C ps7_cortexa9_0/libsrc/scutimer_v2_1/src -s libs  "SHELL=CMD" "COMPILER=arm-none-eabi-gcc" "ARCHIVER=arm-none-eabi-ar" "COMPILER_FLAGS=  -O2 -c" "EXTRA_COMPILER_FLAGS=-mcpu=cortex-a9 -mfpu=vfpv3 -mfloat-abi=hard -nostartfiles"
"Compiling scutimer"
"Running Make libs in ps7_cortexa9_0/libsrc/scuwdt_v2_1/src"
make -C ps7_cortexa9_0/libsrc/scuwdt_v2_1/src -s libs  "SHELL=CMD" "COMPILER=arm-none-eabi-gcc" "ARCHIVER=arm-none-eabi-ar" "COMPILER_FLAGS=  -O2 -c" "EXTRA_COMPILER_FLAGS=-mcpu=cortex-a9 -mfpu=vfpv3 -mfloat-abi=hard -nostartfiles"
"Compiling scuwdt"
"Running Make libs in ps7_cortexa9_0/libsrc/sdps_v2_7/src"
make -C ps7_cortexa9_0/libsrc/sdps_v2_7/src -s libs  "SHELL=CMD" "COMPILER=arm-none-eabi-gcc" "ARCHIVER=arm-none-eabi-ar" "COMPILER_FLAGS=  -O2 -c" "EXTRA_COMPILER_FLAGS=-mcpu=cortex-a9 -mfpu=vfpv3 -mfloat-abi=hard -nostartfiles"
"Compiling sdps"
"Running Make libs in ps7_cortexa9_0/libsrc/standalone_v5_4/src"
make -C ps7_cortexa9_0/libsrc/standalone_v5_4/src -s libs  "SHELL=CMD" "COMPILER=arm-none-eabi-gcc" "ARCHIVER=arm-none-eabi-ar" "COMPILER_FLAGS=  -O2 -c" "EXTRA_COMPILER_FLAGS=-mcpu=cortex-a9 -mfpu=vfpv3 -mfloat-abi=hard -nostartfiles"
"Compiling standalone"
"Running Make libs in ps7_cortexa9_0/libsrc/uartps_v3_1/src"
make -C ps7_cortexa9_0/libsrc/uartps_v3_1/src -s libs  "SHELL=CMD" "COMPILER=arm-none-eabi-gcc" "ARCHIVER=arm-none-eabi-ar" "COMPILER_FLAGS=  -O2 -c" "EXTRA_COMPILER_FLAGS=-mcpu=cortex-a9 -mfpu=vfpv3 -mfloat-abi=hard -nostartfiles"
"Compiling uartps"
"Running Make libs in ps7_cortexa9_0/libsrc/usbps_v2_3/src"
make -C ps7_cortexa9_0/libsrc/usbps_v2_3/src -s libs  "SHELL=CMD" "COMPILER=arm-none-eabi-gcc" "ARCHIVER=arm-none-eabi-ar" "COMPILER_FLAGS=  -O2 -c" "EXTRA_COMPILER_FLAGS=-mcpu=cortex-a9 -mfpu=vfpv3 -mfloat-abi=hard -nostartfiles"
"Compiling usbps"
"Running Make libs in ps7_cortexa9_0/libsrc/xadcps_v2_2/src"
make -C ps7_cortexa9_0/libsrc/xadcps_v2_2/src -s libs  "SHELL=CMD" "COMPILER=arm-none-eabi-gcc" "ARCHIVER=arm-none-eabi-ar" "COMPILER_FLAGS=  -O2 -c" "EXTRA_COMPILER_FLAGS=-mcpu=cortex-a9 -mfpu=vfpv3 -mfloat-abi=hard -nostartfiles"
"Compiling xadcps"
'Finished building libraries'
21:03:19 **** Build of configuration Debug for project hls_prj ****
make pre-build main-build 
a9-linaro-pre-build-step
' '
'Building file: ../src/platform.c'
'Invoking: ARM v7 gcc compiler'
arm-none-eabi-gcc -Wall -O0 -g3 -c -fmessage-length=0 -MT"src/platform.o" -mcpu=cortex-a9 -mfpu=vfpv3 -mfloat-abi=hard -I../../hls_prj_bsp/ps7_cortexa9_0/include -MMD -MP -MF"src/platform.d" -MT"src/platform.o" -o "src/platform.o" "../src/platform.c"
'Finished building: ../src/platform.c'
' '
'Building target: hls_prj.elf'
'Invoking: ARM v7 gcc linker'
arm-none-eabi-gcc -mcpu=cortex-a9 -mfpu=vfpv3 -mfloat-abi=hard -Wl,-build-id=none -specs=Xilinx.spec -Wl,-T -Wl,../src/lscript.ld -L../../hls_prj_bsp/ps7_cortexa9_0/lib -o "hls_prj.elf"  ./src/platform.o   -Wl,--start-group,-lxil,-lgcc,-lc,--end-group
../../hls_prj_bsp/ps7_cortexa9_0/lib\libxil.a(xil-crt0.o): In function `_start':
xil-crt0.S:(.text+0x68): undefined reference to `main'
collect2.exe: error: ld returned 1 exit status
make: *** [hls_prj.elf] ´íÎó 1
21:03:26 **** Auto Build of configuration Debug for project hls_prj ****
make pre-build main-build 
a9-linaro-pre-build-step
' '
'Building file: ../src/xpid_regulator.c'
'Invoking: ARM v7 gcc compiler'
arm-none-eabi-gcc -Wall -O0 -g3 -c -fmessage-length=0 -MT"src/xpid_regulator.o" -mcpu=cortex-a9 -mfpu=vfpv3 -mfloat-abi=hard -I../../hls_prj_bsp/ps7_cortexa9_0/include -MMD -MP -MF"src/xpid_regulator.d" -MT"src/xpid_regulator.o" -o "src/xpid_regulator.o" "../src/xpid_regulator.c"
'Finished building: ../src/xpid_regulator.c'
' '
'Building target: hls_prj.elf'
'Invoking: ARM v7 gcc linker'
arm-none-eabi-gcc -mcpu=cortex-a9 -mfpu=vfpv3 -mfloat-abi=hard -Wl,-build-id=none -specs=Xilinx.spec -Wl,-T -Wl,../src/lscript.ld -L../../hls_prj_bsp/ps7_cortexa9_0/lib -o "hls_prj.elf"  ./src/platform.o ./src/xpid_regulator.o   -Wl,--start-group,-lxil,-lgcc,-lc,--end-group
../../hls_prj_bsp/ps7_cortexa9_0/lib\libxil.a(xil-crt0.o): In function `_start':
xil-crt0.S:(.text+0x68): undefined reference to `main'
collect2.exe: error: ld returned 1 exit status
make: *** [hls_prj.elf] ´íÎó 1
21:03:37 **** Auto Build of configuration Debug for project hls_prj ****
make pre-build main-build 
a9-linaro-pre-build-step
' '
'Building file: ../src/helloworld.c'
'Invoking: ARM v7 gcc compiler'
arm-none-eabi-gcc -Wall -O0 -g3 -c -fmessage-length=0 -MT"src/helloworld.o" -mcpu=cortex-a9 -mfpu=vfpv3 -mfloat-abi=hard -I../../hls_prj_bsp/ps7_cortexa9_0/include -MMD -MP -MF"src/helloworld.d" -MT"src/helloworld.o" -o "src/helloworld.o" "../src/helloworld.c"
../src/helloworld.c: In function 'main':
../src/helloworld.c:155:9: warning: unused variable 'res_hw' [-Wunused-variable]
     int res_hw,status;
         ^
'Finished building: ../src/helloworld.c'
' '
'Building target: hls_prj.elf'
'Invoking: ARM v7 gcc linker'
arm-none-eabi-gcc -mcpu=cortex-a9 -mfpu=vfpv3 -mfloat-abi=hard -Wl,-build-id=none -specs=Xilinx.spec -Wl,-T -Wl,../src/lscript.ld -L../../hls_prj_bsp/ps7_cortexa9_0/lib -o "hls_prj.elf"  ./src/helloworld.o ./src/platform.o ./src/xpid_regulator.o   -Wl,--start-group,-lxil,-lgcc,-lc,--end-group
'Finished building target: hls_prj.elf'
' '
'Invoking: ARM v7 Print Size'
arm-none-eabi-size hls_prj.elf  |tee "hls_prj.elf.size"
   text	   data	    bss	    dec	    hex	filename
  83508	   4164	  23372	 111044	  1b1c4	hls_prj.elf
'Finished building: hls_prj.elf.size'
' '
21:05:44 **** Incremental Build of configuration Debug for project hls_prj ****
make pre-build main-build 
a9-linaro-pre-build-step
' '
make: Nothing to be done for `main-build'.
21:08:17 **** Incremental Build of configuration Debug for project hls_prj ****
make pre-build main-build 
a9-linaro-pre-build-step
' '
make: Nothing to be done for `main-build'.
21:09:05 **** Auto Build of configuration Debug for project hls_prj ****
make pre-build main-build 
a9-linaro-pre-build-step
' '
'Building file: ../src/helloworld.c'
'Invoking: ARM v7 gcc compiler'
arm-none-eabi-gcc -Wall -O0 -g3 -c -fmessage-length=0 -MT"src/helloworld.o" -mcpu=cortex-a9 -mfpu=vfpv3 -mfloat-abi=hard -I../../hls_prj_bsp/ps7_cortexa9_0/include -MMD -MP -MF"src/helloworld.d" -MT"src/helloworld.o" -o "src/helloworld.o" "../src/helloworld.c"
../src/helloworld.c: In function 'main':
../src/helloworld.c:155:9: warning: unused variable 'res_hw' [-Wunused-variable]
     int res_hw,status;
         ^
'Finished building: ../src/helloworld.c'
' '
'Building target: hls_prj.elf'
'Invoking: ARM v7 gcc linker'
arm-none-eabi-gcc -mcpu=cortex-a9 -mfpu=vfpv3 -mfloat-abi=hard -Wl,-build-id=none -specs=Xilinx.spec -Wl,-T -Wl,../src/lscript.ld -L../../hls_prj_bsp/ps7_cortexa9_0/lib -o "hls_prj.elf"  ./src/helloworld.o ./src/platform.o ./src/xpid_regulator.o   -Wl,--start-group,-lxil,-lgcc,-lc,--end-group
'Finished building target: hls_prj.elf'
' '
'Invoking: ARM v7 Print Size'
arm-none-eabi-size hls_prj.elf  |tee "hls_prj.elf.size"
   text	   data	    bss	    dec	    hex	filename
  83508	   4164	  23372	 111044	  1b1c4	hls_prj.elf
'Finished building: hls_prj.elf.size'
' '
21:26:29 **** Auto Build of configuration Debug for project hls_prj ****
make pre-build main-build 
a9-linaro-pre-build-step
' '
'Building file: ../src/helloworld.c'
'Invoking: ARM v7 gcc compiler'
arm-none-eabi-gcc -Wall -O0 -g3 -c -fmessage-length=0 -MT"src/helloworld.o" -mcpu=cortex-a9 -mfpu=vfpv3 -mfloat-abi=hard -I../../hls_prj_bsp/ps7_cortexa9_0/include -MMD -MP -MF"src/helloworld.d" -MT"src/helloworld.o" -o "src/helloworld.o" "../src/helloworld.c"
../src/helloworld.c: In function 'main':
../src/helloworld.c:155:9: warning: unused variable 'res_hw' [-Wunused-variable]
     int res_hw,status;
         ^
'Finished building: ../src/helloworld.c'
' '
'Building target: hls_prj.elf'
'Invoking: ARM v7 gcc linker'
arm-none-eabi-gcc -mcpu=cortex-a9 -mfpu=vfpv3 -mfloat-abi=hard -Wl,-build-id=none -specs=Xilinx.spec -Wl,-T -Wl,../src/lscript.ld -L../../hls_prj_bsp/ps7_cortexa9_0/lib -o "hls_prj.elf"  ./src/helloworld.o ./src/platform.o ./src/xpid_regulator.o   -Wl,--start-group,-lxil,-lgcc,-lc,--end-group
'Finished building target: hls_prj.elf'
' '
'Invoking: ARM v7 Print Size'
arm-none-eabi-size hls_prj.elf  |tee "hls_prj.elf.size"
   text	   data	    bss	    dec	    hex	filename
  83508	   4164	  23372	 111044	  1b1c4	hls_prj.elf
'Finished building: hls_prj.elf.size'
' '
21:26:46 **** Incremental Build of configuration Debug for project hls_prj ****
make pre-build main-build 
a9-linaro-pre-build-step
' '
make: Nothing to be done for `main-build'.
21:31:40 **** Auto Build of configuration Debug for project hls_prj ****
make pre-build main-build 
a9-linaro-pre-build-step
' '
'Building file: ../src/my_mac_driver.c'
'Invoking: ARM v7 gcc compiler'
arm-none-eabi-gcc -Wall -O0 -g3 -c -fmessage-length=0 -MT"src/my_mac_driver.o" -mcpu=cortex-a9 -mfpu=vfpv3 -mfloat-abi=hard -I../../hls_prj_bsp/ps7_cortexa9_0/include -MMD -MP -MF"src/my_mac_driver.d" -MT"src/my_mac_driver.o" -o "src/my_mac_driver.o" "../src/my_mac_driver.c"
../src/my_mac_driver.c: In function 'XEmacPs_Tx_InterruptHandler':
../src/my_mac_driver.c:273:6: warning: variable 'BufLen' set but not used [-Wunused-but-set-variable]
  int BufLen;
      ^
../src/my_mac_driver.c:272:8: warning: variable 'BufAddr' set but not used [-Wunused-but-set-variable]
  void *BufAddr;
        ^
../src/my_mac_driver.c: In function 'XEmacPs_TimerInterruptHandler_MY':
../src/my_mac_driver.c:187:10: warning: 'data_send' may be used uninitialized in this function [-Wmaybe-uninitialized]
   strcpy(data_send->data_1,"I am zynq");
          ^
'Finished building: ../src/my_mac_driver.c'
' '
'Building target: hls_prj.elf'
'Invoking: ARM v7 gcc linker'
arm-none-eabi-gcc -mcpu=cortex-a9 -mfpu=vfpv3 -mfloat-abi=hard -Wl,-build-id=none -specs=Xilinx.spec -Wl,-T -Wl,../src/lscript.ld -L../../hls_prj_bsp/ps7_cortexa9_0/lib -o "hls_prj.elf"  ./src/helloworld.o ./src/my_mac_driver.o ./src/platform.o ./src/xpid_regulator.o   -Wl,--start-group,-lxil,-lgcc,-lc,--end-group
'Finished building target: hls_prj.elf'
' '
'Invoking: ARM v7 Print Size'
arm-none-eabi-size hls_prj.elf  |tee "hls_prj.elf.size"
   text	   data	    bss	    dec	    hex	filename
 102796	   4200	  28220	 135216	  21030	hls_prj.elf
'Finished building: hls_prj.elf.size'
' '
21:32:10 **** Auto Build of configuration Debug for project hls_prj ****
make pre-build main-build 
a9-linaro-pre-build-step
' '
'Building file: ../src/helloworld.c'
'Invoking: ARM v7 gcc compiler'
arm-none-eabi-gcc -Wall -O0 -g3 -c -fmessage-length=0 -MT"src/helloworld.o" -mcpu=cortex-a9 -mfpu=vfpv3 -mfloat-abi=hard -I../../hls_prj_bsp/ps7_cortexa9_0/include -MMD -MP -MF"src/helloworld.d" -MT"src/helloworld.o" -o "src/helloworld.o" "../src/helloworld.c"
../src/helloworld.c: In function 'main':
../src/helloworld.c:156:9: warning: unused variable 'res_hw' [-Wunused-variable]
     int res_hw,status;
         ^
'Finished building: ../src/helloworld.c'
' '
'Building target: hls_prj.elf'
'Invoking: ARM v7 gcc linker'
arm-none-eabi-gcc -mcpu=cortex-a9 -mfpu=vfpv3 -mfloat-abi=hard -Wl,-build-id=none -specs=Xilinx.spec -Wl,-T -Wl,../src/lscript.ld -L../../hls_prj_bsp/ps7_cortexa9_0/lib -o "hls_prj.elf"  ./src/helloworld.o ./src/my_mac_driver.o ./src/platform.o ./src/xpid_regulator.o   -Wl,--start-group,-lxil,-lgcc,-lc,--end-group
'Finished building target: hls_prj.elf'
' '
'Invoking: ARM v7 Print Size'
arm-none-eabi-size hls_prj.elf  |tee "hls_prj.elf.size"
   text	   data	    bss	    dec	    hex	filename
 102796	   4200	  28220	 135216	  21030	hls_prj.elf
'Finished building: hls_prj.elf.size'
' '
21:32:25 **** Auto Build of configuration Debug for project hls_prj ****
make pre-build main-build 
a9-linaro-pre-build-step
' '
'Building file: ../src/helloworld.c'
'Invoking: ARM v7 gcc compiler'
arm-none-eabi-gcc -Wall -O0 -g3 -c -fmessage-length=0 -MT"src/helloworld.o" -mcpu=cortex-a9 -mfpu=vfpv3 -mfloat-abi=hard -I../../hls_prj_bsp/ps7_cortexa9_0/include -MMD -MP -MF"src/helloworld.d" -MT"src/helloworld.o" -o "src/helloworld.o" "../src/helloworld.c"
../src/helloworld.c: In function 'main':
../src/helloworld.c:157:9: warning: unused variable 'res_hw' [-Wunused-variable]
     int res_hw,status;
         ^
../src/helloworld.c: At top level:
../src/helloworld.c:59:23: warning: 'MyRecvbuf' defined but not used [-Wunused-variable]
 static unsigned char  MyRecvbuf[1500];
                       ^
'Finished building: ../src/helloworld.c'
' '
'Building target: hls_prj.elf'
'Invoking: ARM v7 gcc linker'
arm-none-eabi-gcc -mcpu=cortex-a9 -mfpu=vfpv3 -mfloat-abi=hard -Wl,-build-id=none -specs=Xilinx.spec -Wl,-T -Wl,../src/lscript.ld -L../../hls_prj_bsp/ps7_cortexa9_0/lib -o "hls_prj.elf"  ./src/helloworld.o ./src/my_mac_driver.o ./src/platform.o ./src/xpid_regulator.o   -Wl,--start-group,-lxil,-lgcc,-lc,--end-group
'Finished building target: hls_prj.elf'
' '
'Invoking: ARM v7 Print Size'
arm-none-eabi-size hls_prj.elf  |tee "hls_prj.elf.size"
   text	   data	    bss	    dec	    hex	filename
 102796	   4200	  29724	 136720	  21610	hls_prj.elf
'Finished building: hls_prj.elf.size'
' '
21:33:15 **** Auto Build of configuration Debug for project hls_prj ****
make pre-build main-build 
a9-linaro-pre-build-step
' '
'Building file: ../src/helloworld.c'
'Invoking: ARM v7 gcc compiler'
arm-none-eabi-gcc -Wall -O0 -g3 -c -fmessage-length=0 -MT"src/helloworld.o" -mcpu=cortex-a9 -mfpu=vfpv3 -mfloat-abi=hard -I../../hls_prj_bsp/ps7_cortexa9_0/include -MMD -MP -MF"src/helloworld.d" -MT"src/helloworld.o" -o "src/helloworld.o" "../src/helloworld.c"
../src/helloworld.c: In function 'main':
../src/helloworld.c:197:17: warning: variable 'recvlen' set but not used [-Wunused-but-set-variable]
    unsigned int recvlen = 0;
                 ^
../src/helloworld.c:157:9: warning: unused variable 'res_hw' [-Wunused-variable]
     int res_hw,status;
         ^
'Finished building: ../src/helloworld.c'
' '
'Building target: hls_prj.elf'
'Invoking: ARM v7 gcc linker'
arm-none-eabi-gcc -mcpu=cortex-a9 -mfpu=vfpv3 -mfloat-abi=hard -Wl,-build-id=none -specs=Xilinx.spec -Wl,-T -Wl,../src/lscript.ld -L../../hls_prj_bsp/ps7_cortexa9_0/lib -o "hls_prj.elf"  ./src/helloworld.o ./src/my_mac_driver.o ./src/platform.o ./src/xpid_regulator.o   -Wl,--start-group,-lxil,-lgcc,-lc,--end-group
'Finished building target: hls_prj.elf'
' '
'Invoking: ARM v7 Print Size'
arm-none-eabi-size hls_prj.elf  |tee "hls_prj.elf.size"
   text	   data	    bss	    dec	    hex	filename
 102988	   4200	  29724	 136912	  216d0	hls_prj.elf
'Finished building: hls_prj.elf.size'
' '
21:33:52 **** Auto Build of configuration Debug for project hls_prj ****
make pre-build main-build 
a9-linaro-pre-build-step
' '
'Building file: ../src/helloworld.c'
'Invoking: ARM v7 gcc compiler'
arm-none-eabi-gcc -Wall -O0 -g3 -c -fmessage-length=0 -MT"src/helloworld.o" -mcpu=cortex-a9 -mfpu=vfpv3 -mfloat-abi=hard -I../../hls_prj_bsp/ps7_cortexa9_0/include -MMD -MP -MF"src/helloworld.d" -MT"src/helloworld.o" -o "src/helloworld.o" "../src/helloworld.c"
../src/helloworld.c: In function 'main':
../src/helloworld.c:198:17: warning: variable 'recvlen' set but not used [-Wunused-but-set-variable]
    unsigned int recvlen = 0;
                 ^
../src/helloworld.c:158:9: warning: unused variable 'res_hw' [-Wunused-variable]
     int res_hw,status;
         ^
'Finished building: ../src/helloworld.c'
' '
'Building target: hls_prj.elf'
'Invoking: ARM v7 gcc linker'
arm-none-eabi-gcc -mcpu=cortex-a9 -mfpu=vfpv3 -mfloat-abi=hard -Wl,-build-id=none -specs=Xilinx.spec -Wl,-T -Wl,../src/lscript.ld -L../../hls_prj_bsp/ps7_cortexa9_0/lib -o "hls_prj.elf"  ./src/helloworld.o ./src/my_mac_driver.o ./src/platform.o ./src/xpid_regulator.o   -Wl,--start-group,-lxil,-lgcc,-lc,--end-group
'Finished building target: hls_prj.elf'
' '
'Invoking: ARM v7 Print Size'
arm-none-eabi-size hls_prj.elf  |tee "hls_prj.elf.size"
   text	   data	    bss	    dec	    hex	filename
 102988	   4200	  29724	 136912	  216d0	hls_prj.elf
'Finished building: hls_prj.elf.size'
' '
21:35:43 **** Auto Build of configuration Debug for project hls_prj ****
make pre-build main-build 
a9-linaro-pre-build-step
' '
'Building file: ../src/helloworld.c'
'Invoking: ARM v7 gcc compiler'
arm-none-eabi-gcc -Wall -O0 -g3 -c -fmessage-length=0 -MT"src/helloworld.o" -mcpu=cortex-a9 -mfpu=vfpv3 -mfloat-abi=hard -I../../hls_prj_bsp/ps7_cortexa9_0/include -MMD -MP -MF"src/helloworld.d" -MT"src/helloworld.o" -o "src/helloworld.o" "../src/helloworld.c"
../src/helloworld.c: In function 'main':
../src/helloworld.c:193:17: warning: variable 'recvlen' set but not used [-Wunused-but-set-variable]
    unsigned int recvlen = 0;
                 ^
../src/helloworld.c:158:9: warning: unused variable 'res_hw' [-Wunused-variable]
     int res_hw,status;
         ^
'Finished building: ../src/helloworld.c'
' '
'Building target: hls_prj.elf'
'Invoking: ARM v7 gcc linker'
arm-none-eabi-gcc -mcpu=cortex-a9 -mfpu=vfpv3 -mfloat-abi=hard -Wl,-build-id=none -specs=Xilinx.spec -Wl,-T -Wl,../src/lscript.ld -L../../hls_prj_bsp/ps7_cortexa9_0/lib -o "hls_prj.elf"  ./src/helloworld.o ./src/my_mac_driver.o ./src/platform.o ./src/xpid_regulator.o   -Wl,--start-group,-lxil,-lgcc,-lc,--end-group
'Finished building target: hls_prj.elf'
' '
'Invoking: ARM v7 Print Size'
arm-none-eabi-size hls_prj.elf  |tee "hls_prj.elf.size"
   text	   data	    bss	    dec	    hex	filename
 102988	   4200	  29724	 136912	  216d0	hls_prj.elf
'Finished building: hls_prj.elf.size'
' '
21:36:24 **** Incremental Build of configuration Debug for project hls_prj ****
make pre-build main-build 
a9-linaro-pre-build-step
' '
make: Nothing to be done for `main-build'.
21:37:39 **** Auto Build of configuration Debug for project hls_prj ****
make pre-build main-build 
a9-linaro-pre-build-step
' '
'Building file: ../src/helloworld.c'
'Invoking: ARM v7 gcc compiler'
arm-none-eabi-gcc -Wall -O0 -g3 -c -fmessage-length=0 -MT"src/helloworld.o" -mcpu=cortex-a9 -mfpu=vfpv3 -mfloat-abi=hard -I../../hls_prj_bsp/ps7_cortexa9_0/include -MMD -MP -MF"src/helloworld.d" -MT"src/helloworld.o" -o "src/helloworld.o" "../src/helloworld.c"
../src/helloworld.c: In function 'main':
../src/helloworld.c:193:17: warning: variable 'recvlen' set but not used [-Wunused-but-set-variable]
    unsigned int recvlen = 0;
                 ^
../src/helloworld.c:158:9: warning: unused variable 'res_hw' [-Wunused-variable]
     int res_hw,status;
         ^
'Finished building: ../src/helloworld.c'
' '
'Building target: hls_prj.elf'
'Invoking: ARM v7 gcc linker'
arm-none-eabi-gcc -mcpu=cortex-a9 -mfpu=vfpv3 -mfloat-abi=hard -Wl,-build-id=none -specs=Xilinx.spec -Wl,-T -Wl,../src/lscript.ld -L../../hls_prj_bsp/ps7_cortexa9_0/lib -o "hls_prj.elf"  ./src/helloworld.o ./src/my_mac_driver.o ./src/platform.o ./src/xpid_regulator.o   -Wl,--start-group,-lxil,-lgcc,-lc,--end-group
'Finished building target: hls_prj.elf'
' '
'Invoking: ARM v7 Print Size'
arm-none-eabi-size hls_prj.elf  |tee "hls_prj.elf.size"
   text	   data	    bss	    dec	    hex	filename
 102988	   4200	  29724	 136912	  216d0	hls_prj.elf
'Finished building: hls_prj.elf.size'
' '
21:37:55 **** Incremental Build of configuration Debug for project hls_prj ****
make pre-build main-build 
a9-linaro-pre-build-step
' '
make: Nothing to be done for `main-build'.
21:46:56 **** Auto Build of configuration Debug for project hls_prj ****
make pre-build main-build 
a9-linaro-pre-build-step
' '
'Building file: ../src/helloworld.c'
'Invoking: ARM v7 gcc compiler'
arm-none-eabi-gcc -Wall -O0 -g3 -c -fmessage-length=0 -MT"src/helloworld.o" -mcpu=cortex-a9 -mfpu=vfpv3 -mfloat-abi=hard -I../../hls_prj_bsp/ps7_cortexa9_0/include -MMD -MP -MF"src/helloworld.d" -MT"src/helloworld.o" -o "src/helloworld.o" "../src/helloworld.c"
../src/helloworld.c: In function 'main':
../src/helloworld.c:193:17: warning: variable 'recvlen' set but not used [-Wunused-but-set-variable]
    unsigned int recvlen = 0;
                 ^
../src/helloworld.c:158:9: warning: unused variable 'res_hw' [-Wunused-variable]
     int res_hw,status;
         ^
'Finished building: ../src/helloworld.c'
' '
'Building target: hls_prj.elf'
'Invoking: ARM v7 gcc linker'
arm-none-eabi-gcc -mcpu=cortex-a9 -mfpu=vfpv3 -mfloat-abi=hard -Wl,-build-id=none -specs=Xilinx.spec -Wl,-T -Wl,../src/lscript.ld -L../../hls_prj_bsp/ps7_cortexa9_0/lib -o "hls_prj.elf"  ./src/helloworld.o ./src/my_mac_driver.o ./src/platform.o ./src/xpid_regulator.o   -Wl,--start-group,-lxil,-lgcc,-lc,--end-group
'Finished building target: hls_prj.elf'
' '
'Invoking: ARM v7 Print Size'
arm-none-eabi-size hls_prj.elf  |tee "hls_prj.elf.size"
   text	   data	    bss	    dec	    hex	filename
 102988	   4200	  29724	 136912	  216d0	hls_prj.elf
'Finished building: hls_prj.elf.size'
' '
21:47:19 **** Incremental Build of configuration Debug for project hls_prj ****
make pre-build main-build 
a9-linaro-pre-build-step
' '
make: Nothing to be done for `main-build'.
16:15:01 **** Clean-only build of configuration Debug for project hls_prj ****
make clean 
rm -rf  ./src/helloworld.o ./src/my_mac_driver.o ./src/platform.o ./src/xpid_regulator.o  ./src/helloworld.d ./src/my_mac_driver.d ./src/platform.d ./src/xpid_regulator.d  hls_prj.elf.size  hls_prj.elf
' '
16:15:01 **** Auto Build of configuration Debug for project hls_prj ****
make pre-build main-build 
a9-linaro-pre-build-step
' '
'Building file: ../src/helloworld.c'
'Invoking: ARM v7 gcc compiler'
arm-none-eabi-gcc -Wall -O0 -g3 -c -fmessage-length=0 -MT"src/helloworld.o" -mcpu=cortex-a9 -mfpu=vfpv3 -mfloat-abi=hard -I../../hls_prj_bsp/ps7_cortexa9_0/include -MMD -MP -MF"src/helloworld.d" -MT"src/helloworld.o" -o "src/helloworld.o" "../src/helloworld.c"
../src/helloworld.c: In function 'main':
../src/helloworld.c:193:17: warning: variable 'recvlen' set but not used [-Wunused-but-set-variable]
    unsigned int recvlen = 0;
                 ^
../src/helloworld.c:158:9: warning: unused variable 'res_hw' [-Wunused-variable]
     int res_hw,status;
         ^
'Finished building: ../src/helloworld.c'
' '
'Building file: ../src/platform.c'
'Invoking: ARM v7 gcc compiler'
arm-none-eabi-gcc -Wall -O0 -g3 -c -fmessage-length=0 -MT"src/platform.o" -mcpu=cortex-a9 -mfpu=vfpv3 -mfloat-abi=hard -I../../hls_prj_bsp/ps7_cortexa9_0/include -MMD -MP -MF"src/platform.d" -MT"src/platform.o" -o "src/platform.o" "../src/platform.c"
'Finished building: ../src/platform.c'
' '
'Building file: ../src/xpid_regulator.c'
'Invoking: ARM v7 gcc compiler'
arm-none-eabi-gcc -Wall -O0 -g3 -c -fmessage-length=0 -MT"src/xpid_regulator.o" -mcpu=cortex-a9 -mfpu=vfpv3 -mfloat-abi=hard -I../../hls_prj_bsp/ps7_cortexa9_0/include -MMD -MP -MF"src/xpid_regulator.d" -MT"src/xpid_regulator.o" -o "src/xpid_regulator.o" "../src/xpid_regulator.c"
'Finished building: ../src/xpid_regulator.c'
' '
'Building target: hls_prj.elf'
'Invoking: ARM v7 gcc linker'
arm-none-eabi-gcc -mcpu=cortex-a9 -mfpu=vfpv3 -mfloat-abi=hard -Wl,-build-id=none -specs=Xilinx.spec -Wl,-T -Wl,../src/lscript.ld -L../../hls_prj_bsp/ps7_cortexa9_0/lib -o "hls_prj.elf"  ./src/helloworld.o ./src/platform.o ./src/xpid_regulator.o   -Wl,--start-group,-lxil,-lgcc,-lc,--end-group
./src/helloworld.o: In function `main':
C:\Users\bing\temp\vivado_test\qemu\project_pid\project_pid.sdk\hls_prj\Debug/../src/helloworld.c:184: undefined reference to `src_mac'
C:\Users\bing\temp\vivado_test\qemu\project_pid\project_pid.sdk\hls_prj\Debug/../src/helloworld.c:184: undefined reference to `src_mac'
C:\Users\bing\temp\vivado_test\qemu\project_pid\project_pid.sdk\hls_prj\Debug/../src/helloworld.c:184: undefined reference to `mymacinit'
C:\Users\bing\temp\vivado_test\qemu\project_pid\project_pid.sdk\hls_prj\Debug/../src/helloworld.c:190: undefined reference to `PtpNewPktRecd'
C:\Users\bing\temp\vivado_test\qemu\project_pid\project_pid.sdk\hls_prj\Debug/../src/helloworld.c:190: undefined reference to `PtpNewPktRecd'
C:\Users\bing\temp\vivado_test\qemu\project_pid\project_pid.sdk\hls_prj\Debug/../src/helloworld.c:192: undefined reference to `PtpNewPktRecd'
C:\Users\bing\temp\vivado_test\qemu\project_pid\project_pid.sdk\hls_prj\Debug/../src/helloworld.c:192: undefined reference to `PtpNewPktRecd'
C:\Users\bing\temp\vivado_test\qemu\project_pid\project_pid.sdk\hls_prj\Debug/../src/helloworld.c:197: undefined reference to `Mac_driver_PacketReceive'
C:\Users\bing\temp\vivado_test\qemu\project_pid\project_pid.sdk\hls_prj\Debug/../src/helloworld.c:201: undefined reference to `analyseETH'
C:\Users\bing\temp\vivado_test\qemu\project_pid\project_pid.sdk\hls_prj\Debug/../src/helloworld.c:203: undefined reference to `my_protocol_flag'
C:\Users\bing\temp\vivado_test\qemu\project_pid\project_pid.sdk\hls_prj\Debug/../src/helloworld.c:203: undefined reference to `my_protocol_flag'
C:\Users\bing\temp\vivado_test\qemu\project_pid\project_pid.sdk\hls_prj\Debug/../src/helloworld.c:206: undefined reference to `analyseDATA'
collect2.exe: error: ld returned 1 exit status
make: *** [hls_prj.elf] ´íÎó 1
16:15:08 **** Clean-only build of configuration Debug for project hls_prj ****
make clean 
rm -rf  ./src/helloworld.o ./src/platform.o ./src/xpid_regulator.o  ./src/helloworld.d ./src/platform.d ./src/xpid_regulator.d  hls_prj.elf.size  hls_prj.elf
' '
16:15:08 **** Auto Build of configuration Debug for project hls_prj ****
make pre-build main-build 
a9-linaro-pre-build-step
' '
'Building file: ../src/helloworld.c'
'Invoking: ARM v7 gcc compiler'
arm-none-eabi-gcc -Wall -O0 -g3 -c -fmessage-length=0 -MT"src/helloworld.o" -mcpu=cortex-a9 -mfpu=vfpv3 -mfloat-abi=hard -I../../hls_prj_bsp/ps7_cortexa9_0/include -MMD -MP -MF"src/helloworld.d" -MT"src/helloworld.o" -o "src/helloworld.o" "../src/helloworld.c"
../src/helloworld.c:54:27: fatal error: my_mac_driver.h: No such file or directory
 #include "my_mac_driver.h"
                           ^
compilation terminated.
make: *** [src/helloworld.o] ´íÎó 1
16:15:19 **** Auto Build of configuration Debug for project hls_prj ****
make pre-build main-build 
a9-linaro-pre-build-step
' '
'Building file: ../src/helloworld.c'
'Invoking: ARM v7 gcc compiler'
arm-none-eabi-gcc -Wall -O0 -g3 -c -fmessage-length=0 -MT"src/helloworld.o" -mcpu=cortex-a9 -mfpu=vfpv3 -mfloat-abi=hard -I../../hls_prj_bsp/ps7_cortexa9_0/include -MMD -MP -MF"src/helloworld.d" -MT"src/helloworld.o" -o "src/helloworld.o" "../src/helloworld.c"
../src/helloworld.c:59:23: error: conflicting types for 'MyRecvbuf'
 static unsigned char  MyRecvbuf[1500];
                       ^
In file included from ../src/helloworld.c:54:0:
../src/my_mac_driver.h:198:23: note: previous declaration of 'MyRecvbuf' was here
 extern unsigned char  MyRecvbuf[XEMACPS_PACKET_LEN + 2];
                       ^
../src/helloworld.c: In function 'main':
../src/helloworld.c:193:17: warning: variable 'recvlen' set but not used [-Wunused-but-set-variable]
    unsigned int recvlen = 0;
                 ^
../src/helloworld.c:158:9: warning: unused variable 'res_hw' [-Wunused-variable]
     int res_hw,status;
         ^
make: *** [src/helloworld.o] ´íÎó 1
16:15:29 **** Auto Build of configuration Debug for project hls_prj ****
make pre-build main-build 
a9-linaro-pre-build-step
' '
'Building file: ../src/helloworld.c'
'Invoking: ARM v7 gcc compiler'
arm-none-eabi-gcc -Wall -O0 -g3 -c -fmessage-length=0 -MT"src/helloworld.o" -mcpu=cortex-a9 -mfpu=vfpv3 -mfloat-abi=hard -I../../hls_prj_bsp/ps7_cortexa9_0/include -MMD -MP -MF"src/helloworld.d" -MT"src/helloworld.o" -o "src/helloworld.o" "../src/helloworld.c"
../src/helloworld.c: In function 'main':
../src/helloworld.c:192:17: warning: variable 'recvlen' set but not used [-Wunused-but-set-variable]
    unsigned int recvlen = 0;
                 ^
../src/helloworld.c:157:9: warning: unused variable 'res_hw' [-Wunused-variable]
     int res_hw,status;
         ^
'Finished building: ../src/helloworld.c'
' '
'Building file: ../src/my_mac_driver.c'
'Invoking: ARM v7 gcc compiler'
arm-none-eabi-gcc -Wall -O0 -g3 -c -fmessage-length=0 -MT"src/my_mac_driver.o" -mcpu=cortex-a9 -mfpu=vfpv3 -mfloat-abi=hard -I../../hls_prj_bsp/ps7_cortexa9_0/include -MMD -MP -MF"src/my_mac_driver.d" -MT"src/my_mac_driver.o" -o "src/my_mac_driver.o" "../src/my_mac_driver.c"
../src/my_mac_driver.c: In function 'mymacinit':
../src/my_mac_driver.c:104:5: warning: format '%x' expects argument of type 'unsigned int', but argument 2 has type 'u32' [-Wformat=]
     printf("bottom = %x\n",bottom);
     ^
../src/my_mac_driver.c:104:5: warning: format '%x' expects argument of type 'unsigned int', but argument 2 has type 'u32' [-Wformat=]
../src/my_mac_driver.c:105:5: warning: format '%x' expects argument of type 'unsigned int', but argument 2 has type 'u32' [-Wformat=]
     printf("top = %x\n",top);
     ^
../src/my_mac_driver.c:105:5: warning: format '%x' expects argument of type 'unsigned int', but argument 2 has type 'u32' [-Wformat=]
../src/my_mac_driver.c:106:5: warning: format '%x' expects argument of type 'unsigned int', but argument 2 has type 'u32' [-Wformat=]
     printf("mac = %x\n",mac);
     ^
../src/my_mac_driver.c:106:5: warning: format '%x' expects argument of type 'unsigned int', but argument 2 has type 'u32' [-Wformat=]
../src/my_mac_driver.c:107:5: warning: format '%x' expects argument of type 'unsigned int', but argument 2 has type 'u32' [-Wformat=]
     printf("rev_buffer_size = %x\n",rev_buffer_size);
     ^
../src/my_mac_driver.c:107:5: warning: format '%x' expects argument of type 'unsigned int', but argument 2 has type 'u32' [-Wformat=]
../src/my_mac_driver.c:108:5: warning: format '%x' expects argument of type 'unsigned int', but argument 2 has type 'u32' [-Wformat=]
     printf("dis_cp_pause_frame = %x\n",dis_cp_pause_frame);
     ^
../src/my_mac_driver.c:108:5: warning: format '%x' expects argument of type 'unsigned int', but argument 2 has type 'u32' [-Wformat=]
../src/my_mac_driver.c:109:5: warning: format '%x' expects argument of type 'unsigned int', but argument 2 has type 'u32' [-Wformat=]
     printf("rx_chksum_offld_en = %x\n",rx_chksum_offld_en);
     ^
../src/my_mac_driver.c:109:5: warning: format '%x' expects argument of type 'unsigned int', but argument 2 has type 'u32' [-Wformat=]
../src/my_mac_driver.c:39:6: warning: unused variable 'Emac_option' [-Wunused-variable]
  u32 Emac_option = 0;
      ^
../src/my_mac_driver.c: In function 'XEmacPs_Rx_InterruptHandler':
../src/my_mac_driver.c:261:15: warning: variable 'recvlen' set but not used [-Wunused-but-set-variable]
  unsigned int recvlen = 0;
               ^
../src/my_mac_driver.c: In function 'XEmacPs_Tx_InterruptHandler':
../src/my_mac_driver.c:291:6: warning: variable 'BufLen' set but not used [-Wunused-but-set-variable]
  int BufLen;
      ^
../src/my_mac_driver.c:290:8: warning: variable 'BufAddr' set but not used [-Wunused-but-set-variable]
  void *BufAddr;
        ^
../src/my_mac_driver.c: In function 'XEmacPs_TimerInterruptHandler_MY':
../src/my_mac_driver.c:218:10: warning: 'data_send' may be used uninitialized in this function [-Wmaybe-uninitialized]
   strcpy(data_send->data_1,"I am zynq");
          ^
'Finished building: ../src/my_mac_driver.c'
' '
'Building file: ../src/platform.c'
'Invoking: ARM v7 gcc compiler'
arm-none-eabi-gcc -Wall -O0 -g3 -c -fmessage-length=0 -MT"src/platform.o" -mcpu=cortex-a9 -mfpu=vfpv3 -mfloat-abi=hard -I../../hls_prj_bsp/ps7_cortexa9_0/include -MMD -MP -MF"src/platform.d" -MT"src/platform.o" -o "src/platform.o" "../src/platform.c"
'Finished building: ../src/platform.c'
' '
'Building file: ../src/xpid_regulator.c'
'Invoking: ARM v7 gcc compiler'
arm-none-eabi-gcc -Wall -O0 -g3 -c -fmessage-length=0 -MT"src/xpid_regulator.o" -mcpu=cortex-a9 -mfpu=vfpv3 -mfloat-abi=hard -I../../hls_prj_bsp/ps7_cortexa9_0/include -MMD -MP -MF"src/xpid_regulator.d" -MT"src/xpid_regulator.o" -o "src/xpid_regulator.o" "../src/xpid_regulator.c"
'Finished building: ../src/xpid_regulator.c'
' '
'Building target: hls_prj.elf'
'Invoking: ARM v7 gcc linker'
arm-none-eabi-gcc -mcpu=cortex-a9 -mfpu=vfpv3 -mfloat-abi=hard -Wl,-build-id=none -specs=Xilinx.spec -Wl,-T -Wl,../src/lscript.ld -L../../hls_prj_bsp/ps7_cortexa9_0/lib -o "hls_prj.elf"  ./src/helloworld.o ./src/my_mac_driver.o ./src/platform.o ./src/xpid_regulator.o   -Wl,--start-group,-lxil,-lgcc,-lc,--end-group
'Finished building target: hls_prj.elf'
' '
'Invoking: ARM v7 Print Size'
arm-none-eabi-size hls_prj.elf  |tee "hls_prj.elf.size"
   text	   data	    bss	    dec	    hex	filename
 103252	   4200	  31308	 138760	  21e08	hls_prj.elf
'Finished building: hls_prj.elf.size'
' '
16:15:55 **** Auto Build of configuration Debug for project hls_prj ****
make pre-build main-build 
a9-linaro-pre-build-step
' '
'Building file: ../src/helloworld.c'
'Invoking: ARM v7 gcc compiler'
arm-none-eabi-gcc -Wall -O0 -g3 -c -fmessage-length=0 -MT"src/helloworld.o" -mcpu=cortex-a9 -mfpu=vfpv3 -mfloat-abi=hard -I../../hls_prj_bsp/ps7_cortexa9_0/include -MMD -MP -MF"src/helloworld.d" -MT"src/helloworld.o" -o "src/helloworld.o" "../src/helloworld.c"
../src/helloworld.c: In function 'main':
../src/helloworld.c:192:17: warning: unused variable 'recvlen' [-Wunused-variable]
    unsigned int recvlen = 0;
                 ^
../src/helloworld.c:157:9: warning: unused variable 'res_hw' [-Wunused-variable]
     int res_hw,status;
         ^
'Finished building: ../src/helloworld.c'
' '
'Building target: hls_prj.elf'
'Invoking: ARM v7 gcc linker'
arm-none-eabi-gcc -mcpu=cortex-a9 -mfpu=vfpv3 -mfloat-abi=hard -Wl,-build-id=none -specs=Xilinx.spec -Wl,-T -Wl,../src/lscript.ld -L../../hls_prj_bsp/ps7_cortexa9_0/lib -o "hls_prj.elf"  ./src/helloworld.o ./src/my_mac_driver.o ./src/platform.o ./src/xpid_regulator.o   -Wl,--start-group,-lxil,-lgcc,-lc,--end-group
'Finished building target: hls_prj.elf'
' '
'Invoking: ARM v7 Print Size'
arm-none-eabi-size hls_prj.elf  |tee "hls_prj.elf.size"
   text	   data	    bss	    dec	    hex	filename
 103252	   4200	  31308	 138760	  21e08	hls_prj.elf
'Finished building: hls_prj.elf.size'
' '
16:16:44 **** Incremental Build of configuration Debug for project hls_prj ****
make pre-build main-build 
a9-linaro-pre-build-step
' '
make: Nothing to be done for `main-build'.
08:49:09 **** Build of project hls_prj_bsp ****
make -k all 
"Running Make include in ps7_cortexa9_0/libsrc/coresightps_dcc_v1_2/src"
make -C ps7_cortexa9_0/libsrc/coresightps_dcc_v1_2/src -s include  "SHELL=CMD" "COMPILER=arm-none-eabi-gcc" "ARCHIVER=arm-none-eabi-ar" "COMPILER_FLAGS=  -O2 -c" "EXTRA_COMPILER_FLAGS=-mcpu=cortex-a9 -mfpu=vfpv3 -mfloat-abi=hard -nostartfiles"
"Running Make include in ps7_cortexa9_0/libsrc/cpu_cortexa9_v2_2/src"
make -C ps7_cortexa9_0/libsrc/cpu_cortexa9_v2_2/src -s include  "SHELL=CMD" "COMPILER=arm-none-eabi-gcc" "ARCHIVER=arm-none-eabi-ar" "COMPILER_FLAGS=  -O2 -c" "EXTRA_COMPILER_FLAGS=-mcpu=cortex-a9 -mfpu=vfpv3 -mfloat-abi=hard -nostartfiles"
"Running Make include in ps7_cortexa9_0/libsrc/ddrps_v1_0/src"
make -C ps7_cortexa9_0/libsrc/ddrps_v1_0/src -s include  "SHELL=CMD" "COMPILER=arm-none-eabi-gcc" "ARCHIVER=arm-none-eabi-ar" "COMPILER_FLAGS=  -O2 -c" "EXTRA_COMPILER_FLAGS=-mcpu=cortex-a9 -mfpu=vfpv3 -mfloat-abi=hard -nostartfiles"
"Running Make include in ps7_cortexa9_0/libsrc/devcfg_v3_4/src"
make -C ps7_cortexa9_0/libsrc/devcfg_v3_4/src -s include  "SHELL=CMD" "COMPILER=arm-none-eabi-gcc" "ARCHIVER=arm-none-eabi-ar" "COMPILER_FLAGS=  -O2 -c" "EXTRA_COMPILER_FLAGS=-mcpu=cortex-a9 -mfpu=vfpv3 -mfloat-abi=hard -nostartfiles"
"Running Make include in ps7_cortexa9_0/libsrc/dmaps_v2_1/src"
make -C ps7_cortexa9_0/libsrc/dmaps_v2_1/src -s include  "SHELL=CMD" "COMPILER=arm-none-eabi-gcc" "ARCHIVER=arm-none-eabi-ar" "COMPILER_FLAGS=  -O2 -c" "EXTRA_COMPILER_FLAGS=-mcpu=cortex-a9 -mfpu=vfpv3 -mfloat-abi=hard -nostartfiles"
"Running Make include in ps7_cortexa9_0/libsrc/emacps_v3_2/src"
make -C ps7_cortexa9_0/libsrc/emacps_v3_2/src -s include  "SHELL=CMD" "COMPILER=arm-none-eabi-gcc" "ARCHIVER=arm-none-eabi-ar" "COMPILER_FLAGS=  -O2 -c" "EXTRA_COMPILER_FLAGS=-mcpu=cortex-a9 -mfpu=vfpv3 -mfloat-abi=hard -nostartfiles"
"Running Make include in ps7_cortexa9_0/libsrc/gpio_v4_1/src"
make -C ps7_cortexa9_0/libsrc/gpio_v4_1/src -s include  "SHELL=CMD" "COMPILER=arm-none-eabi-gcc" "ARCHIVER=arm-none-eabi-ar" "COMPILER_FLAGS=  -O2 -c" "EXTRA_COMPILER_FLAGS=-mcpu=cortex-a9 -mfpu=vfpv3 -mfloat-abi=hard -nostartfiles"
"Running Make include in ps7_cortexa9_0/libsrc/gpiops_v3_1/src"
make -C ps7_cortexa9_0/libsrc/gpiops_v3_1/src -s include  "SHELL=CMD" "COMPILER=arm-none-eabi-gcc" "ARCHIVER=arm-none-eabi-ar" "COMPILER_FLAGS=  -O2 -c" "EXTRA_COMPILER_FLAGS=-mcpu=cortex-a9 -mfpu=vfpv3 -mfloat-abi=hard -nostartfiles"
"Running Make include in ps7_cortexa9_0/libsrc/pid_regulator_v1_0/src"
make -C ps7_cortexa9_0/libsrc/pid_regulator_v1_0/src -s include  "SHELL=CMD" "COMPILER=arm-none-eabi-gcc" "ARCHIVER=arm-none-eabi-ar" "COMPILER_FLAGS=  -O2 -c" "EXTRA_COMPILER_FLAGS=-mcpu=cortex-a9 -mfpu=vfpv3 -mfloat-abi=hard -nostartfiles"
"Running Make include in ps7_cortexa9_0/libsrc/qspips_v3_3/src"
make -C ps7_cortexa9_0/libsrc/qspips_v3_3/src -s include  "SHELL=CMD" "COMPILER=arm-none-eabi-gcc" "ARCHIVER=arm-none-eabi-ar" "COMPILER_FLAGS=  -O2 -c" "EXTRA_COMPILER_FLAGS=-mcpu=cortex-a9 -mfpu=vfpv3 -mfloat-abi=hard -nostartfiles"
"Running Make include in ps7_cortexa9_0/libsrc/scugic_v3_2/src"
make -C ps7_cortexa9_0/libsrc/scugic_v3_2/src -s include  "SHELL=CMD" "COMPILER=arm-none-eabi-gcc" "ARCHIVER=arm-none-eabi-ar" "COMPILER_FLAGS=  -O2 -c" "EXTRA_COMPILER_FLAGS=-mcpu=cortex-a9 -mfpu=vfpv3 -mfloat-abi=hard -nostartfiles"
"Running Make include in ps7_cortexa9_0/libsrc/scutimer_v2_1/src"
make -C ps7_cortexa9_0/libsrc/scutimer_v2_1/src -s include  "SHELL=CMD" "COMPILER=arm-none-eabi-gcc" "ARCHIVER=arm-none-eabi-ar" "COMPILER_FLAGS=  -O2 -c" "EXTRA_COMPILER_FLAGS=-mcpu=cortex-a9 -mfpu=vfpv3 -mfloat-abi=hard -nostartfiles"
"Running Make include in ps7_cortexa9_0/libsrc/scuwdt_v2_1/src"
make -C ps7_cortexa9_0/libsrc/scuwdt_v2_1/src -s include  "SHELL=CMD" "COMPILER=arm-none-eabi-gcc" "ARCHIVER=arm-none-eabi-ar" "COMPILER_FLAGS=  -O2 -c" "EXTRA_COMPILER_FLAGS=-mcpu=cortex-a9 -mfpu=vfpv3 -mfloat-abi=hard -nostartfiles"
"Running Make include in ps7_cortexa9_0/libsrc/sdps_v2_7/src"
make -C ps7_cortexa9_0/libsrc/sdps_v2_7/src -s include  "SHELL=CMD" "COMPILER=arm-none-eabi-gcc" "ARCHIVER=arm-none-eabi-ar" "COMPILER_FLAGS=  -O2 -c" "EXTRA_COMPILER_FLAGS=-mcpu=cortex-a9 -mfpu=vfpv3 -mfloat-abi=hard -nostartfiles"
"Running Make include in ps7_cortexa9_0/libsrc/standalone_v5_4/src"
make -C ps7_cortexa9_0/libsrc/standalone_v5_4/src -s include  "SHELL=CMD" "COMPILER=arm-none-eabi-gcc" "ARCHIVER=arm-none-eabi-ar" "COMPILER_FLAGS=  -O2 -c" "EXTRA_COMPILER_FLAGS=-mcpu=cortex-a9 -mfpu=vfpv3 -mfloat-abi=hard -nostartfiles"
"Running Make include in ps7_cortexa9_0/libsrc/uartps_v3_1/src"
make -C ps7_cortexa9_0/libsrc/uartps_v3_1/src -s include  "SHELL=CMD" "COMPILER=arm-none-eabi-gcc" "ARCHIVER=arm-none-eabi-ar" "COMPILER_FLAGS=  -O2 -c" "EXTRA_COMPILER_FLAGS=-mcpu=cortex-a9 -mfpu=vfpv3 -mfloat-abi=hard -nostartfiles"
"Running Make include in ps7_cortexa9_0/libsrc/usbps_v2_3/src"
make -C ps7_cortexa9_0/libsrc/usbps_v2_3/src -s include  "SHELL=CMD" "COMPILER=arm-none-eabi-gcc" "ARCHIVER=arm-none-eabi-ar" "COMPILER_FLAGS=  -O2 -c" "EXTRA_COMPILER_FLAGS=-mcpu=cortex-a9 -mfpu=vfpv3 -mfloat-abi=hard -nostartfiles"
"Running Make include in ps7_cortexa9_0/libsrc/xadcps_v2_2/src"
make -C ps7_cortexa9_0/libsrc/xadcps_v2_2/src -s include  "SHELL=CMD" "COMPILER=arm-none-eabi-gcc" "ARCHIVER=arm-none-eabi-ar" "COMPILER_FLAGS=  -O2 -c" "EXTRA_COMPILER_FLAGS=-mcpu=cortex-a9 -mfpu=vfpv3 -mfloat-abi=hard -nostartfiles"
"Running Make libs in ps7_cortexa9_0/libsrc/coresightps_dcc_v1_2/src"
make -C ps7_cortexa9_0/libsrc/coresightps_dcc_v1_2/src -s libs  "SHELL=CMD" "COMPILER=arm-none-eabi-gcc" "ARCHIVER=arm-none-eabi-ar" "COMPILER_FLAGS=  -O2 -c" "EXTRA_COMPILER_FLAGS=-mcpu=cortex-a9 -mfpu=vfpv3 -mfloat-abi=hard -nostartfiles"
"Compiling coresightps_dcc"
"Running Make libs in ps7_cortexa9_0/libsrc/cpu_cortexa9_v2_2/src"
make -C ps7_cortexa9_0/libsrc/cpu_cortexa9_v2_2/src -s libs  "SHELL=CMD" "COMPILER=arm-none-eabi-gcc" "ARCHIVER=arm-none-eabi-ar" "COMPILER_FLAGS=  -O2 -c" "EXTRA_COMPILER_FLAGS=-mcpu=cortex-a9 -mfpu=vfpv3 -mfloat-abi=hard -nostartfiles"
"Compiling cpu_cortexa9"
"Running Make libs in ps7_cortexa9_0/libsrc/ddrps_v1_0/src"
make -C ps7_cortexa9_0/libsrc/ddrps_v1_0/src -s libs  "SHELL=CMD" "COMPILER=arm-none-eabi-gcc" "ARCHIVER=arm-none-eabi-ar" "COMPILER_FLAGS=  -O2 -c" "EXTRA_COMPILER_FLAGS=-mcpu=cortex-a9 -mfpu=vfpv3 -mfloat-abi=hard -nostartfiles"
"Compiling ddrps"
"Running Make libs in ps7_cortexa9_0/libsrc/devcfg_v3_4/src"
make -C ps7_cortexa9_0/libsrc/devcfg_v3_4/src -s libs  "SHELL=CMD" "COMPILER=arm-none-eabi-gcc" "ARCHIVER=arm-none-eabi-ar" "COMPILER_FLAGS=  -O2 -c" "EXTRA_COMPILER_FLAGS=-mcpu=cortex-a9 -mfpu=vfpv3 -mfloat-abi=hard -nostartfiles"
"Compiling devcfg"
"Running Make libs in ps7_cortexa9_0/libsrc/dmaps_v2_1/src"
make -C ps7_cortexa9_0/libsrc/dmaps_v2_1/src -s libs  "SHELL=CMD" "COMPILER=arm-none-eabi-gcc" "ARCHIVER=arm-none-eabi-ar" "COMPILER_FLAGS=  -O2 -c" "EXTRA_COMPILER_FLAGS=-mcpu=cortex-a9 -mfpu=vfpv3 -mfloat-abi=hard -nostartfiles"
"Compiling dmaps"
"Running Make libs in ps7_cortexa9_0/libsrc/emacps_v3_2/src"
make -C ps7_cortexa9_0/libsrc/emacps_v3_2/src -s libs  "SHELL=CMD" "COMPILER=arm-none-eabi-gcc" "ARCHIVER=arm-none-eabi-ar" "COMPILER_FLAGS=  -O2 -c" "EXTRA_COMPILER_FLAGS=-mcpu=cortex-a9 -mfpu=vfpv3 -mfloat-abi=hard -nostartfiles"
"Compiling emacps"
"Running Make libs in ps7_cortexa9_0/libsrc/gpio_v4_1/src"
make -C ps7_cortexa9_0/libsrc/gpio_v4_1/src -s libs  "SHELL=CMD" "COMPILER=arm-none-eabi-gcc" "ARCHIVER=arm-none-eabi-ar" "COMPILER_FLAGS=  -O2 -c" "EXTRA_COMPILER_FLAGS=-mcpu=cortex-a9 -mfpu=vfpv3 -mfloat-abi=hard -nostartfiles"
"Compiling gpio"
"Running Make libs in ps7_cortexa9_0/libsrc/gpiops_v3_1/src"
make -C ps7_cortexa9_0/libsrc/gpiops_v3_1/src -s libs  "SHELL=CMD" "COMPILER=arm-none-eabi-gcc" "ARCHIVER=arm-none-eabi-ar" "COMPILER_FLAGS=  -O2 -c" "EXTRA_COMPILER_FLAGS=-mcpu=cortex-a9 -mfpu=vfpv3 -mfloat-abi=hard -nostartfiles"
"Compiling gpiops"
"Running Make libs in ps7_cortexa9_0/libsrc/pid_regulator_v1_0/src"
make -C ps7_cortexa9_0/libsrc/pid_regulator_v1_0/src -s libs  "SHELL=CMD" "COMPILER=arm-none-eabi-gcc" "ARCHIVER=arm-none-eabi-ar" "COMPILER_FLAGS=  -O2 -c" "EXTRA_COMPILER_FLAGS=-mcpu=cortex-a9 -mfpu=vfpv3 -mfloat-abi=hard -nostartfiles"
"Compiling pid_regulator"
"Running Make libs in ps7_cortexa9_0/libsrc/qspips_v3_3/src"
make -C ps7_cortexa9_0/libsrc/qspips_v3_3/src -s libs  "SHELL=CMD" "COMPILER=arm-none-eabi-gcc" "ARCHIVER=arm-none-eabi-ar" "COMPILER_FLAGS=  -O2 -c" "EXTRA_COMPILER_FLAGS=-mcpu=cortex-a9 -mfpu=vfpv3 -mfloat-abi=hard -nostartfiles"
"Compiling qspips"
"Running Make libs in ps7_cortexa9_0/libsrc/scugic_v3_2/src"
make -C ps7_cortexa9_0/libsrc/scugic_v3_2/src -s libs  "SHELL=CMD" "COMPILER=arm-none-eabi-gcc" "ARCHIVER=arm-none-eabi-ar" "COMPILER_FLAGS=  -O2 -c" "EXTRA_COMPILER_FLAGS=-mcpu=cortex-a9 -mfpu=vfpv3 -mfloat-abi=hard -nostartfiles"
"Compiling scugic"
"Running Make libs in ps7_cortexa9_0/libsrc/scutimer_v2_1/src"
make -C ps7_cortexa9_0/libsrc/scutimer_v2_1/src -s libs  "SHELL=CMD" "COMPILER=arm-none-eabi-gcc" "ARCHIVER=arm-none-eabi-ar" "COMPILER_FLAGS=  -O2 -c" "EXTRA_COMPILER_FLAGS=-mcpu=cortex-a9 -mfpu=vfpv3 -mfloat-abi=hard -nostartfiles"
"Compiling scutimer"
"Running Make libs in ps7_cortexa9_0/libsrc/scuwdt_v2_1/src"
make -C ps7_cortexa9_0/libsrc/scuwdt_v2_1/src -s libs  "SHELL=CMD" "COMPILER=arm-none-eabi-gcc" "ARCHIVER=arm-none-eabi-ar" "COMPILER_FLAGS=  -O2 -c" "EXTRA_COMPILER_FLAGS=-mcpu=cortex-a9 -mfpu=vfpv3 -mfloat-abi=hard -nostartfiles"
"Compiling scuwdt"
"Running Make libs in ps7_cortexa9_0/libsrc/sdps_v2_7/src"
make -C ps7_cortexa9_0/libsrc/sdps_v2_7/src -s libs  "SHELL=CMD" "COMPILER=arm-none-eabi-gcc" "ARCHIVER=arm-none-eabi-ar" "COMPILER_FLAGS=  -O2 -c" "EXTRA_COMPILER_FLAGS=-mcpu=cortex-a9 -mfpu=vfpv3 -mfloat-abi=hard -nostartfiles"
"Compiling sdps"
"Running Make libs in ps7_cortexa9_0/libsrc/standalone_v5_4/src"
make -C ps7_cortexa9_0/libsrc/standalone_v5_4/src -s libs  "SHELL=CMD" "COMPILER=arm-none-eabi-gcc" "ARCHIVER=arm-none-eabi-ar" "COMPILER_FLAGS=  -O2 -c" "EXTRA_COMPILER_FLAGS=-mcpu=cortex-a9 -mfpu=vfpv3 -mfloat-abi=hard -nostartfiles"
"Compiling standalone"
"Running Make libs in ps7_cortexa9_0/libsrc/uartps_v3_1/src"
make -C ps7_cortexa9_0/libsrc/uartps_v3_1/src -s libs  "SHELL=CMD" "COMPILER=arm-none-eabi-gcc" "ARCHIVER=arm-none-eabi-ar" "COMPILER_FLAGS=  -O2 -c" "EXTRA_COMPILER_FLAGS=-mcpu=cortex-a9 -mfpu=vfpv3 -mfloat-abi=hard -nostartfiles"
"Compiling uartps"
"Running Make libs in ps7_cortexa9_0/libsrc/usbps_v2_3/src"
make -C ps7_cortexa9_0/libsrc/usbps_v2_3/src -s libs  "SHELL=CMD" "COMPILER=arm-none-eabi-gcc" "ARCHIVER=arm-none-eabi-ar" "COMPILER_FLAGS=  -O2 -c" "EXTRA_COMPILER_FLAGS=-mcpu=cortex-a9 -mfpu=vfpv3 -mfloat-abi=hard -nostartfiles"
"Compiling usbps"
"Running Make libs in ps7_cortexa9_0/libsrc/xadcps_v2_2/src"
make -C ps7_cortexa9_0/libsrc/xadcps_v2_2/src -s libs  "SHELL=CMD" "COMPILER=arm-none-eabi-gcc" "ARCHIVER=arm-none-eabi-ar" "COMPILER_FLAGS=  -O2 -c" "EXTRA_COMPILER_FLAGS=-mcpu=cortex-a9 -mfpu=vfpv3 -mfloat-abi=hard -nostartfiles"
"Compiling xadcps"
'Finished building libraries'
08:50:33 **** Build of configuration Debug for project hls_prj ****
make pre-build main-build 
a9-linaro-pre-build-step
' '
'Building file: ../src/helloworld.c'
'Invoking: ARM v7 gcc compiler'
arm-none-eabi-gcc -Wall -O0 -g3 -c -fmessage-length=0 -MT"src/helloworld.o" -mcpu=cortex-a9 -mfpu=vfpv3 -mfloat-abi=hard -I../../hls_prj_bsp/ps7_cortexa9_0/include -MMD -MP -MF"src/helloworld.d" -MT"src/helloworld.o" -o "src/helloworld.o" "../src/helloworld.c"
../src/helloworld.c: In function 'main':
../src/helloworld.c:195:17: warning: unused variable 'recvlen' [-Wunused-variable]
    unsigned int recvlen = 0;
                 ^
../src/helloworld.c:160:9: warning: unused variable 'res_hw' [-Wunused-variable]
     int res_hw,status;
         ^
'Finished building: ../src/helloworld.c'
' '
'Building file: ../src/my_mac_driver.c'
'Invoking: ARM v7 gcc compiler'
arm-none-eabi-gcc -Wall -O0 -g3 -c -fmessage-length=0 -MT"src/my_mac_driver.o" -mcpu=cortex-a9 -mfpu=vfpv3 -mfloat-abi=hard -I../../hls_prj_bsp/ps7_cortexa9_0/include -MMD -MP -MF"src/my_mac_driver.d" -MT"src/my_mac_driver.o" -o "src/my_mac_driver.o" "../src/my_mac_driver.c"
../src/my_mac_driver.c: In function 'mymacinit':
../src/my_mac_driver.c:104:5: warning: format '%x' expects argument of type 'unsigned int', but argument 2 has type 'u32' [-Wformat=]
     printf("bottom = %x\n",bottom);
     ^
../src/my_mac_driver.c:104:5: warning: format '%x' expects argument of type 'unsigned int', but argument 2 has type 'u32' [-Wformat=]
../src/my_mac_driver.c:105:5: warning: format '%x' expects argument of type 'unsigned int', but argument 2 has type 'u32' [-Wformat=]
     printf("top = %x\n",top);
     ^
../src/my_mac_driver.c:105:5: warning: format '%x' expects argument of type 'unsigned int', but argument 2 has type 'u32' [-Wformat=]
../src/my_mac_driver.c:106:5: warning: format '%x' expects argument of type 'unsigned int', but argument 2 has type 'u32' [-Wformat=]
     printf("mac = %x\n",mac);
     ^
../src/my_mac_driver.c:106:5: warning: format '%x' expects argument of type 'unsigned int', but argument 2 has type 'u32' [-Wformat=]
../src/my_mac_driver.c:107:5: warning: format '%x' expects argument of type 'unsigned int', but argument 2 has type 'u32' [-Wformat=]
     printf("rev_buffer_size = %x\n",rev_buffer_size);
     ^
../src/my_mac_driver.c:107:5: warning: format '%x' expects argument of type 'unsigned int', but argument 2 has type 'u32' [-Wformat=]
../src/my_mac_driver.c:108:5: warning: format '%x' expects argument of type 'unsigned int', but argument 2 has type 'u32' [-Wformat=]
     printf("dis_cp_pause_frame = %x\n",dis_cp_pause_frame);
     ^
../src/my_mac_driver.c:108:5: warning: format '%x' expects argument of type 'unsigned int', but argument 2 has type 'u32' [-Wformat=]
../src/my_mac_driver.c:109:5: warning: format '%x' expects argument of type 'unsigned int', but argument 2 has type 'u32' [-Wformat=]
     printf("rx_chksum_offld_en = %x\n",rx_chksum_offld_en);
     ^
../src/my_mac_driver.c:109:5: warning: format '%x' expects argument of type 'unsigned int', but argument 2 has type 'u32' [-Wformat=]
../src/my_mac_driver.c:39:6: warning: unused variable 'Emac_option' [-Wunused-variable]
  u32 Emac_option = 0;
      ^
../src/my_mac_driver.c: In function 'XEmacPs_Rx_InterruptHandler':
../src/my_mac_driver.c:261:15: warning: variable 'recvlen' set but not used [-Wunused-but-set-variable]
  unsigned int recvlen = 0;
               ^
../src/my_mac_driver.c: In function 'XEmacPs_Tx_InterruptHandler':
../src/my_mac_driver.c:291:6: warning: variable 'BufLen' set but not used [-Wunused-but-set-variable]
  int BufLen;
      ^
../src/my_mac_driver.c:290:8: warning: variable 'BufAddr' set but not used [-Wunused-but-set-variable]
  void *BufAddr;
        ^
../src/my_mac_driver.c: In function 'XEmacPs_TimerInterruptHandler_MY':
../src/my_mac_driver.c:218:10: warning: 'data_send' may be used uninitialized in this function [-Wmaybe-uninitialized]
   strcpy(data_send->data_1,"I am zynq");
          ^
'Finished building: ../src/my_mac_driver.c'
' '
'Building file: ../src/platform.c'
'Invoking: ARM v7 gcc compiler'
arm-none-eabi-gcc -Wall -O0 -g3 -c -fmessage-length=0 -MT"src/platform.o" -mcpu=cortex-a9 -mfpu=vfpv3 -mfloat-abi=hard -I../../hls_prj_bsp/ps7_cortexa9_0/include -MMD -MP -MF"src/platform.d" -MT"src/platform.o" -o "src/platform.o" "../src/platform.c"
'Finished building: ../src/platform.c'
' '
'Building file: ../src/xpid_regulator.c'
'Invoking: ARM v7 gcc compiler'
arm-none-eabi-gcc -Wall -O0 -g3 -c -fmessage-length=0 -MT"src/xpid_regulator.o" -mcpu=cortex-a9 -mfpu=vfpv3 -mfloat-abi=hard -I../../hls_prj_bsp/ps7_cortexa9_0/include -MMD -MP -MF"src/xpid_regulator.d" -MT"src/xpid_regulator.o" -o "src/xpid_regulator.o" "../src/xpid_regulator.c"
'Finished building: ../src/xpid_regulator.c'
' '
'Building target: hls_prj.elf'
'Invoking: ARM v7 gcc linker'
arm-none-eabi-gcc -mcpu=cortex-a9 -mfpu=vfpv3 -mfloat-abi=hard -Wl,-build-id=none -specs=Xilinx.spec -Wl,-T -Wl,../src/lscript.ld -L../../hls_prj_bsp/ps7_cortexa9_0/lib -o "hls_prj.elf"  ./src/helloworld.o ./src/my_mac_driver.o ./src/platform.o ./src/xpid_regulator.o   -Wl,--start-group,-lxil,-lgcc,-lc,--end-group
'Finished building target: hls_prj.elf'
' '
'Invoking: ARM v7 Print Size'
arm-none-eabi-size hls_prj.elf  |tee "hls_prj.elf.size"
   text	   data	    bss	    dec	    hex	filename
 103252	   4200	  31308	 138760	  21e08	hls_prj.elf
'Finished building: hls_prj.elf.size'
' '
08:51:44 **** Auto Build of configuration Debug for project hls_prj ****
make pre-build main-build 
a9-linaro-pre-build-step
' '
'Building file: ../src/helloworld.c'
'Invoking: ARM v7 gcc compiler'
arm-none-eabi-gcc -Wall -O0 -g3 -c -fmessage-length=0 -MT"src/helloworld.o" -mcpu=cortex-a9 -mfpu=vfpv3 -mfloat-abi=hard -I../../hls_prj_bsp/ps7_cortexa9_0/include -MMD -MP -MF"src/helloworld.d" -MT"src/helloworld.o" -o "src/helloworld.o" "../src/helloworld.c"
../src/helloworld.c: In function 'pid_input':
../src/helloworld.c:127:16: warning: unused variable 'Return_real' [-Wunused-variable]
  float Ref,Fdb,Return_real;
                ^
../src/helloworld.c:126:6: warning: unused variable 'Return_temp' [-Wunused-variable]
  u32 Return_temp;
      ^
../src/helloworld.c: In function 'main':
../src/helloworld.c:189:4: error: 'Return_temp' undeclared (first use in this function)
    Return_temp = XPid_regulator_Get_return(&Hls_pid);
    ^
../src/helloworld.c:189:4: note: each undeclared identifier is reported only once for each function it appears in
../src/helloworld.c:190:4: error: 'Return_real' undeclared (first use in this function)
    Return_real = *((float*)&Return_temp);
    ^
../src/helloworld.c:197:17: warning: unused variable 'recvlen' [-Wunused-variable]
    unsigned int recvlen = 0;
                 ^
../src/helloworld.c:154:9: warning: unused variable 'res_hw' [-Wunused-variable]
     int res_hw,status;
         ^
make: *** [src/helloworld.o] ´íÎó 1
08:52:19 **** Auto Build of configuration Debug for project hls_prj ****
make pre-build main-build 
a9-linaro-pre-build-step
' '
'Building file: ../src/helloworld.c'
'Invoking: ARM v7 gcc compiler'
arm-none-eabi-gcc -Wall -O0 -g3 -c -fmessage-length=0 -MT"src/helloworld.o" -mcpu=cortex-a9 -mfpu=vfpv3 -mfloat-abi=hard -I../../hls_prj_bsp/ps7_cortexa9_0/include -MMD -MP -MF"src/helloworld.d" -MT"src/helloworld.o" -o "src/helloworld.o" "../src/helloworld.c"
../src/helloworld.c: In function 'pid_input':
../src/helloworld.c:127:8: warning: unused variable 'Return_real' [-Wunused-variable]
  float Return_real;
        ^
../src/helloworld.c:126:6: warning: unused variable 'Return_temp' [-Wunused-variable]
  u32 Return_temp;
      ^
../src/helloworld.c: In function 'main':
../src/helloworld.c:191:4: error: 'Return_temp' undeclared (first use in this function)
    Return_temp = XPid_regulator_Get_return(&Hls_pid);
    ^
../src/helloworld.c:191:4: note: each undeclared identifier is reported only once for each function it appears in
../src/helloworld.c:192:4: error: 'Return_real' undeclared (first use in this function)
    Return_real = *((float*)&Return_temp);
    ^
../src/helloworld.c:199:17: warning: unused variable 'recvlen' [-Wunused-variable]
    unsigned int recvlen = 0;
                 ^
../src/helloworld.c:156:9: warning: unused variable 'res_hw' [-Wunused-variable]
     int res_hw,status;
         ^
make: *** [src/helloworld.o] ´íÎó 1
08:52:27 **** Auto Build of configuration Debug for project hls_prj ****
make pre-build main-build 
a9-linaro-pre-build-step
' '
'Building file: ../src/helloworld.c'
'Invoking: ARM v7 gcc compiler'
arm-none-eabi-gcc -Wall -O0 -g3 -c -fmessage-length=0 -MT"src/helloworld.o" -mcpu=cortex-a9 -mfpu=vfpv3 -mfloat-abi=hard -I../../hls_prj_bsp/ps7_cortexa9_0/include -MMD -MP -MF"src/helloworld.d" -MT"src/helloworld.o" -o "src/helloworld.o" "../src/helloworld.c"
../src/helloworld.c: In function 'main':
../src/helloworld.c:200:17: warning: unused variable 'recvlen' [-Wunused-variable]
    unsigned int recvlen = 0;
                 ^
../src/helloworld.c:155:9: warning: unused variable 'res_hw' [-Wunused-variable]
     int res_hw,status;
         ^
'Finished building: ../src/helloworld.c'
' '
'Building target: hls_prj.elf'
'Invoking: ARM v7 gcc linker'
arm-none-eabi-gcc -mcpu=cortex-a9 -mfpu=vfpv3 -mfloat-abi=hard -Wl,-build-id=none -specs=Xilinx.spec -Wl,-T -Wl,../src/lscript.ld -L../../hls_prj_bsp/ps7_cortexa9_0/lib -o "hls_prj.elf"  ./src/helloworld.o ./src/my_mac_driver.o ./src/platform.o ./src/xpid_regulator.o   -Wl,--start-group,-lxil,-lgcc,-lc,--end-group
'Finished building target: hls_prj.elf'
' '
'Invoking: ARM v7 Print Size'
arm-none-eabi-size hls_prj.elf  |tee "hls_prj.elf.size"
   text	   data	    bss	    dec	    hex	filename
 103252	   4200	  31308	 138760	  21e08	hls_prj.elf
'Finished building: hls_prj.elf.size'
' '
08:52:38 **** Incremental Build of configuration Debug for project hls_prj ****
make pre-build main-build 
a9-linaro-pre-build-step
' '
make: Nothing to be done for `main-build'.
08:55:19 **** Auto Build of configuration Debug for project hls_prj ****
make pre-build main-build 
a9-linaro-pre-build-step
' '
'Building file: ../src/helloworld.c'
'Invoking: ARM v7 gcc compiler'
arm-none-eabi-gcc -Wall -O0 -g3 -c -fmessage-length=0 -MT"src/helloworld.o" -mcpu=cortex-a9 -mfpu=vfpv3 -mfloat-abi=hard -I../../hls_prj_bsp/ps7_cortexa9_0/include -MMD -MP -MF"src/helloworld.d" -MT"src/helloworld.o" -o "src/helloworld.o" "../src/helloworld.c"
../src/helloworld.c: In function 'main':
../src/helloworld.c:200:17: warning: unused variable 'recvlen' [-Wunused-variable]
    unsigned int recvlen = 0;
                 ^
../src/helloworld.c:155:9: warning: unused variable 'res_hw' [-Wunused-variable]
     int res_hw,status;
         ^
'Finished building: ../src/helloworld.c'
' '
'Building target: hls_prj.elf'
'Invoking: ARM v7 gcc linker'
arm-none-eabi-gcc -mcpu=cortex-a9 -mfpu=vfpv3 -mfloat-abi=hard -Wl,-build-id=none -specs=Xilinx.spec -Wl,-T -Wl,../src/lscript.ld -L../../hls_prj_bsp/ps7_cortexa9_0/lib -o "hls_prj.elf"  ./src/helloworld.o ./src/my_mac_driver.o ./src/platform.o ./src/xpid_regulator.o   -Wl,--start-group,-lxil,-lgcc,-lc,--end-group
'Finished building target: hls_prj.elf'
' '
'Invoking: ARM v7 Print Size'
arm-none-eabi-size hls_prj.elf  |tee "hls_prj.elf.size"
   text	   data	    bss	    dec	    hex	filename
 103260	   4200	  31308	 138768	  21e10	hls_prj.elf
'Finished building: hls_prj.elf.size'
' '
08:55:27 **** Auto Build of configuration Debug for project hls_prj ****
make pre-build main-build 
a9-linaro-pre-build-step
' '
'Building file: ../src/helloworld.c'
'Invoking: ARM v7 gcc compiler'
arm-none-eabi-gcc -Wall -O0 -g3 -c -fmessage-length=0 -MT"src/helloworld.o" -mcpu=cortex-a9 -mfpu=vfpv3 -mfloat-abi=hard -I../../hls_prj_bsp/ps7_cortexa9_0/include -MMD -MP -MF"src/helloworld.d" -MT"src/helloworld.o" -o "src/helloworld.o" "../src/helloworld.c"
../src/helloworld.c: In function 'main':
../src/helloworld.c:200:17: warning: unused variable 'recvlen' [-Wunused-variable]
    unsigned int recvlen = 0;
                 ^
../src/helloworld.c:155:9: warning: unused variable 'res_hw' [-Wunused-variable]
     int res_hw,status;
         ^
'Finished building: ../src/helloworld.c'
' '
'Building target: hls_prj.elf'
'Invoking: ARM v7 gcc linker'
arm-none-eabi-gcc -mcpu=cortex-a9 -mfpu=vfpv3 -mfloat-abi=hard -Wl,-build-id=none -specs=Xilinx.spec -Wl,-T -Wl,../src/lscript.ld -L../../hls_prj_bsp/ps7_cortexa9_0/lib -o "hls_prj.elf"  ./src/helloworld.o ./src/my_mac_driver.o ./src/platform.o ./src/xpid_regulator.o   -Wl,--start-group,-lxil,-lgcc,-lc,--end-group
'Finished building target: hls_prj.elf'
' '
'Invoking: ARM v7 Print Size'
arm-none-eabi-size hls_prj.elf  |tee "hls_prj.elf.size"
   text	   data	    bss	    dec	    hex	filename
 103252	   4200	  31308	 138760	  21e08	hls_prj.elf
'Finished building: hls_prj.elf.size'
' '
08:56:06 **** Incremental Build of configuration Debug for project hls_prj ****
make pre-build main-build 
a9-linaro-pre-build-step
' '
make: Nothing to be done for `main-build'.
08:59:40 **** Incremental Build of configuration Debug for project hls_prj ****
make pre-build main-build 
a9-linaro-pre-build-step
' '
make: Nothing to be done for `main-build'.
09:03:39 **** Auto Build of configuration Debug for project hls_prj ****
make pre-build main-build 
a9-linaro-pre-build-step
' '
'Building file: ../src/helloworld.c'
'Invoking: ARM v7 gcc compiler'
arm-none-eabi-gcc -Wall -O0 -g3 -c -fmessage-length=0 -MT"src/helloworld.o" -mcpu=cortex-a9 -mfpu=vfpv3 -mfloat-abi=hard -I../../hls_prj_bsp/ps7_cortexa9_0/include -MMD -MP -MF"src/helloworld.d" -MT"src/helloworld.o" -o "src/helloworld.o" "../src/helloworld.c"
../src/helloworld.c: In function 'main':
../src/helloworld.c:198:17: warning: unused variable 'recvlen' [-Wunused-variable]
    unsigned int recvlen = 0;
                 ^
../src/helloworld.c:155:9: warning: unused variable 'res_hw' [-Wunused-variable]
     int res_hw,status;
         ^
'Finished building: ../src/helloworld.c'
' '
'Building target: hls_prj.elf'
'Invoking: ARM v7 gcc linker'
arm-none-eabi-gcc -mcpu=cortex-a9 -mfpu=vfpv3 -mfloat-abi=hard -Wl,-build-id=none -specs=Xilinx.spec -Wl,-T -Wl,../src/lscript.ld -L../../hls_prj_bsp/ps7_cortexa9_0/lib -o "hls_prj.elf"  ./src/helloworld.o ./src/my_mac_driver.o ./src/platform.o ./src/xpid_regulator.o   -Wl,--start-group,-lxil,-lgcc,-lc,--end-group
'Finished building target: hls_prj.elf'
' '
'Invoking: ARM v7 Print Size'
arm-none-eabi-size hls_prj.elf  |tee "hls_prj.elf.size"
   text	   data	    bss	    dec	    hex	filename
 103252	   4200	  31308	 138760	  21e08	hls_prj.elf
'Finished building: hls_prj.elf.size'
' '
09:03:54 **** Auto Build of configuration Debug for project hls_prj ****
make pre-build main-build 
a9-linaro-pre-build-step
' '
'Building file: ../src/helloworld.c'
'Invoking: ARM v7 gcc compiler'
arm-none-eabi-gcc -Wall -O0 -g3 -c -fmessage-length=0 -MT"src/helloworld.o" -mcpu=cortex-a9 -mfpu=vfpv3 -mfloat-abi=hard -I../../hls_prj_bsp/ps7_cortexa9_0/include -MMD -MP -MF"src/helloworld.d" -MT"src/helloworld.o" -o "src/helloworld.o" "../src/helloworld.c"
../src/helloworld.c: In function 'main':
../src/helloworld.c:199:17: warning: unused variable 'recvlen' [-Wunused-variable]
    unsigned int recvlen = 0;
                 ^
../src/helloworld.c:158:14: warning: unused variable 'EmacPsInstancePtr' [-Wunused-variable]
     XEmacPs *EmacPsInstancePtr = &Mac;
              ^
../src/helloworld.c:155:9: warning: unused variable 'res_hw' [-Wunused-variable]
     int res_hw,status;
         ^
../src/helloworld.c:154:9: warning: unused variable 'Status' [-Wunused-variable]
     int Status = XST_SUCCESS;
         ^
'Finished building: ../src/helloworld.c'
' '
'Building target: hls_prj.elf'
'Invoking: ARM v7 gcc linker'
arm-none-eabi-gcc -mcpu=cortex-a9 -mfpu=vfpv3 -mfloat-abi=hard -Wl,-build-id=none -specs=Xilinx.spec -Wl,-T -Wl,../src/lscript.ld -L../../hls_prj_bsp/ps7_cortexa9_0/lib -o "hls_prj.elf"  ./src/helloworld.o ./src/my_mac_driver.o ./src/platform.o ./src/xpid_regulator.o   -Wl,--start-group,-lxil,-lgcc,-lc,--end-group
'Finished building target: hls_prj.elf'
' '
'Invoking: ARM v7 Print Size'
arm-none-eabi-size hls_prj.elf  |tee "hls_prj.elf.size"
   text	   data	    bss	    dec	    hex	filename
 103252	   4200	  31308	 138760	  21e08	hls_prj.elf
'Finished building: hls_prj.elf.size'
' '
09:04:21 **** Auto Build of configuration Debug for project hls_prj ****
make pre-build main-build 
a9-linaro-pre-build-step
' '
'Building file: ../src/helloworld.c'
'Invoking: ARM v7 gcc compiler'
arm-none-eabi-gcc -Wall -O0 -g3 -c -fmessage-length=0 -MT"src/helloworld.o" -mcpu=cortex-a9 -mfpu=vfpv3 -mfloat-abi=hard -I../../hls_prj_bsp/ps7_cortexa9_0/include -MMD -MP -MF"src/helloworld.d" -MT"src/helloworld.o" -o "src/helloworld.o" "../src/helloworld.c"
../src/helloworld.c: In function 'main':
../src/helloworld.c:200:17: warning: unused variable 'recvlen' [-Wunused-variable]
    unsigned int recvlen = 0;
                 ^
../src/helloworld.c:158:14: warning: unused variable 'EmacPsInstancePtr' [-Wunused-variable]
     XEmacPs *EmacPsInstancePtr = &Mac;
              ^
../src/helloworld.c:155:9: warning: unused variable 'res_hw' [-Wunused-variable]
     int res_hw,status;
         ^
../src/helloworld.c:154:9: warning: unused variable 'Status' [-Wunused-variable]
     int Status = XST_SUCCESS;
         ^
'Finished building: ../src/helloworld.c'
' '
'Building target: hls_prj.elf'
'Invoking: ARM v7 gcc linker'
arm-none-eabi-gcc -mcpu=cortex-a9 -mfpu=vfpv3 -mfloat-abi=hard -Wl,-build-id=none -specs=Xilinx.spec -Wl,-T -Wl,../src/lscript.ld -L../../hls_prj_bsp/ps7_cortexa9_0/lib -o "hls_prj.elf"  ./src/helloworld.o ./src/my_mac_driver.o ./src/platform.o ./src/xpid_regulator.o   -Wl,--start-group,-lxil,-lgcc,-lc,--end-group
'Finished building target: hls_prj.elf'
' '
'Invoking: ARM v7 Print Size'
arm-none-eabi-size hls_prj.elf  |tee "hls_prj.elf.size"
   text	   data	    bss	    dec	    hex	filename
 103252	   4200	  31308	 138760	  21e08	hls_prj.elf
'Finished building: hls_prj.elf.size'
' '
09:04:37 **** Auto Build of configuration Debug for project hls_prj ****
make pre-build main-build 
a9-linaro-pre-build-step
' '
'Building file: ../src/helloworld.c'
'Invoking: ARM v7 gcc compiler'
arm-none-eabi-gcc -Wall -O0 -g3 -c -fmessage-length=0 -MT"src/helloworld.o" -mcpu=cortex-a9 -mfpu=vfpv3 -mfloat-abi=hard -I../../hls_prj_bsp/ps7_cortexa9_0/include -MMD -MP -MF"src/helloworld.d" -MT"src/helloworld.o" -o "src/helloworld.o" "../src/helloworld.c"
../src/helloworld.c: In function 'main':
../src/helloworld.c:200:17: warning: unused variable 'recvlen' [-Wunused-variable]
    unsigned int recvlen = 0;
                 ^
../src/helloworld.c:158:14: warning: unused variable 'EmacPsInstancePtr' [-Wunused-variable]
     XEmacPs *EmacPsInstancePtr = &Mac;
              ^
../src/helloworld.c:155:9: warning: unused variable 'res_hw' [-Wunused-variable]
     int res_hw,status;
         ^
../src/helloworld.c:154:9: warning: unused variable 'Status' [-Wunused-variable]
     int Status = XST_SUCCESS;
         ^
'Finished building: ../src/helloworld.c'
' '
'Building target: hls_prj.elf'
'Invoking: ARM v7 gcc linker'
arm-none-eabi-gcc -mcpu=cortex-a9 -mfpu=vfpv3 -mfloat-abi=hard -Wl,-build-id=none -specs=Xilinx.spec -Wl,-T -Wl,../src/lscript.ld -L../../hls_prj_bsp/ps7_cortexa9_0/lib -o "hls_prj.elf"  ./src/helloworld.o ./src/my_mac_driver.o ./src/platform.o ./src/xpid_regulator.o   -Wl,--start-group,-lxil,-lgcc,-lc,--end-group
'Finished building target: hls_prj.elf'
' '
'Invoking: ARM v7 Print Size'
arm-none-eabi-size hls_prj.elf  |tee "hls_prj.elf.size"
   text	   data	    bss	    dec	    hex	filename
 103252	   4200	  31308	 138760	  21e08	hls_prj.elf
'Finished building: hls_prj.elf.size'
' '
09:04:56 **** Incremental Build of configuration Debug for project hls_prj ****
make pre-build main-build 
a9-linaro-pre-build-step
' '
make: Nothing to be done for `main-build'.
09:05:56 **** Auto Build of configuration Debug for project hls_prj ****
make pre-build main-build 
a9-linaro-pre-build-step
' '
'Building file: ../src/helloworld.c'
'Invoking: ARM v7 gcc compiler'
arm-none-eabi-gcc -Wall -O0 -g3 -c -fmessage-length=0 -MT"src/helloworld.o" -mcpu=cortex-a9 -mfpu=vfpv3 -mfloat-abi=hard -I../../hls_prj_bsp/ps7_cortexa9_0/include -MMD -MP -MF"src/helloworld.d" -MT"src/helloworld.o" -o "src/helloworld.o" "../src/helloworld.c"
../src/helloworld.c: In function 'main':
../src/helloworld.c:200:17: warning: unused variable 'recvlen' [-Wunused-variable]
    unsigned int recvlen = 0;
                 ^
../src/helloworld.c:155:9: warning: unused variable 'res_hw' [-Wunused-variable]
     int res_hw,status;
         ^
'Finished building: ../src/helloworld.c'
' '
'Building target: hls_prj.elf'
'Invoking: ARM v7 gcc linker'
arm-none-eabi-gcc -mcpu=cortex-a9 -mfpu=vfpv3 -mfloat-abi=hard -Wl,-build-id=none -specs=Xilinx.spec -Wl,-T -Wl,../src/lscript.ld -L../../hls_prj_bsp/ps7_cortexa9_0/lib -o "hls_prj.elf"  ./src/helloworld.o ./src/my_mac_driver.o ./src/platform.o ./src/xpid_regulator.o   -Wl,--start-group,-lxil,-lgcc,-lc,--end-group
'Finished building target: hls_prj.elf'
' '
'Invoking: ARM v7 Print Size'
arm-none-eabi-size hls_prj.elf  |tee "hls_prj.elf.size"
   text	   data	    bss	    dec	    hex	filename
 103252	   4200	  31308	 138760	  21e08	hls_prj.elf
'Finished building: hls_prj.elf.size'
' '
09:06:12 **** Auto Build of configuration Debug for project hls_prj ****
make pre-build main-build 
a9-linaro-pre-build-step
' '
'Building file: ../src/helloworld.c'
'Invoking: ARM v7 gcc compiler'
arm-none-eabi-gcc -Wall -O0 -g3 -c -fmessage-length=0 -MT"src/helloworld.o" -mcpu=cortex-a9 -mfpu=vfpv3 -mfloat-abi=hard -I../../hls_prj_bsp/ps7_cortexa9_0/include -MMD -MP -MF"src/helloworld.d" -MT"src/helloworld.o" -o "src/helloworld.o" "../src/helloworld.c"
../src/helloworld.c: In function 'main':
../src/helloworld.c:200:17: warning: unused variable 'recvlen' [-Wunused-variable]
    unsigned int recvlen = 0;
                 ^
../src/helloworld.c:155:9: warning: unused variable 'res_hw' [-Wunused-variable]
     int res_hw,status;
         ^
'Finished building: ../src/helloworld.c'
' '
'Building target: hls_prj.elf'
'Invoking: ARM v7 gcc linker'
arm-none-eabi-gcc -mcpu=cortex-a9 -mfpu=vfpv3 -mfloat-abi=hard -Wl,-build-id=none -specs=Xilinx.spec -Wl,-T -Wl,../src/lscript.ld -L../../hls_prj_bsp/ps7_cortexa9_0/lib -o "hls_prj.elf"  ./src/helloworld.o ./src/my_mac_driver.o ./src/platform.o ./src/xpid_regulator.o   -Wl,--start-group,-lxil,-lgcc,-lc,--end-group
'Finished building target: hls_prj.elf'
' '
'Invoking: ARM v7 Print Size'
arm-none-eabi-size hls_prj.elf  |tee "hls_prj.elf.size"
   text	   data	    bss	    dec	    hex	filename
 103252	   4200	  31308	 138760	  21e08	hls_prj.elf
'Finished building: hls_prj.elf.size'
' '
09:06:29 **** Incremental Build of configuration Debug for project hls_prj ****
make pre-build main-build 
a9-linaro-pre-build-step
' '
make: Nothing to be done for `main-build'.
09:07:44 **** Auto Build of configuration Debug for project hls_prj ****
make pre-build main-build 
a9-linaro-pre-build-step
' '
'Building file: ../src/helloworld.c'
'Invoking: ARM v7 gcc compiler'
arm-none-eabi-gcc -Wall -O0 -g3 -c -fmessage-length=0 -MT"src/helloworld.o" -mcpu=cortex-a9 -mfpu=vfpv3 -mfloat-abi=hard -I../../hls_prj_bsp/ps7_cortexa9_0/include -MMD -MP -MF"src/helloworld.d" -MT"src/helloworld.o" -o "src/helloworld.o" "../src/helloworld.c"
../src/helloworld.c: In function 'main':
../src/helloworld.c:203:17: warning: unused variable 'recvlen' [-Wunused-variable]
    unsigned int recvlen = 0;
                 ^
../src/helloworld.c:155:9: warning: unused variable 'res_hw' [-Wunused-variable]
     int res_hw,status;
         ^
'Finished building: ../src/helloworld.c'
' '
'Building target: hls_prj.elf'
'Invoking: ARM v7 gcc linker'
arm-none-eabi-gcc -mcpu=cortex-a9 -mfpu=vfpv3 -mfloat-abi=hard -Wl,-build-id=none -specs=Xilinx.spec -Wl,-T -Wl,../src/lscript.ld -L../../hls_prj_bsp/ps7_cortexa9_0/lib -o "hls_prj.elf"  ./src/helloworld.o ./src/my_mac_driver.o ./src/platform.o ./src/xpid_regulator.o   -Wl,--start-group,-lxil,-lgcc,-lc,--end-group
'Finished building target: hls_prj.elf'
' '
'Invoking: ARM v7 Print Size'
arm-none-eabi-size hls_prj.elf  |tee "hls_prj.elf.size"
   text	   data	    bss	    dec	    hex	filename
 103252	   4200	  31308	 138760	  21e08	hls_prj.elf
'Finished building: hls_prj.elf.size'
' '
09:07:49 **** Auto Build of configuration Debug for project hls_prj ****
make pre-build main-build 
a9-linaro-pre-build-step
' '
'Building file: ../src/helloworld.c'
'Invoking: ARM v7 gcc compiler'
arm-none-eabi-gcc -Wall -O0 -g3 -c -fmessage-length=0 -MT"src/helloworld.o" -mcpu=cortex-a9 -mfpu=vfpv3 -mfloat-abi=hard -I../../hls_prj_bsp/ps7_cortexa9_0/include -MMD -MP -MF"src/helloworld.d" -MT"src/helloworld.o" -o "src/helloworld.o" "../src/helloworld.c"
../src/helloworld.c: In function 'main':
../src/helloworld.c:203:17: warning: unused variable 'recvlen' [-Wunused-variable]
    unsigned int recvlen = 0;
                 ^
../src/helloworld.c:155:9: warning: unused variable 'res_hw' [-Wunused-variable]
     int res_hw,status;
         ^
'Finished building: ../src/helloworld.c'
' '
'Building target: hls_prj.elf'
'Invoking: ARM v7 gcc linker'
[...]
    strcpy(data_send->data_1,"I am zynq");
           ^
'Finished building: ../src/helloworld.c'
' '
'Building file: ../src/my_mac_driver.c'
'Invoking: ARM v7 gcc compiler'
arm-none-eabi-gcc -Wall -O0 -g3 -c -fmessage-length=0 -MT"src/my_mac_driver.o" -mcpu=cortex-a9 -mfpu=vfpv3 -mfloat-abi=hard -I../../hls_prj_bsp/ps7_cortexa9_0/include -MMD -MP -MF"src/my_mac_driver.d" -MT"src/my_mac_driver.o" -o "src/my_mac_driver.o" "../src/my_mac_driver.c"
../src/my_mac_driver.c: In function 'mymacinit':
../src/my_mac_driver.c:102:5: warning: format '%x' expects argument of type 'unsigned int', but argument 2 has type 'u32' [-Wformat=]
     printf("bottom = %x\n",bottom);
     ^
../src/my_mac_driver.c:102:5: warning: format '%x' expects argument of type 'unsigned int', but argument 2 has type 'u32' [-Wformat=]
../src/my_mac_driver.c:103:5: warning: format '%x' expects argument of type 'unsigned int', but argument 2 has type 'u32' [-Wformat=]
     printf("top = %x\n",top);
     ^
../src/my_mac_driver.c:103:5: warning: format '%x' expects argument of type 'unsigned int', but argument 2 has type 'u32' [-Wformat=]
../src/my_mac_driver.c:104:5: warning: format '%x' expects argument of type 'unsigned int', but argument 2 has type 'u32' [-Wformat=]
     printf("mac = %x\n",mac);
     ^
../src/my_mac_driver.c:104:5: warning: format '%x' expects argument of type 'unsigned int', but argument 2 has type 'u32' [-Wformat=]
../src/my_mac_driver.c:105:5: warning: format '%x' expects argument of type 'unsigned int', but argument 2 has type 'u32' [-Wformat=]
     printf("rev_buffer_size = %x\n",rev_buffer_size);
     ^
../src/my_mac_driver.c:105:5: warning: format '%x' expects argument of type 'unsigned int', but argument 2 has type 'u32' [-Wformat=]
../src/my_mac_driver.c:106:5: warning: format '%x' expects argument of type 'unsigned int', but argument 2 has type 'u32' [-Wformat=]
     printf("dis_cp_pause_frame = %x\n",dis_cp_pause_frame);
     ^
../src/my_mac_driver.c:106:5: warning: format '%x' expects argument of type 'unsigned int', but argument 2 has type 'u32' [-Wformat=]
../src/my_mac_driver.c:107:5: warning: format '%x' expects argument of type 'unsigned int', but argument 2 has type 'u32' [-Wformat=]
     printf("rx_chksum_offld_en = %x\n",rx_chksum_offld_en);
     ^
../src/my_mac_driver.c:107:5: warning: format '%x' expects argument of type 'unsigned int', but argument 2 has type 'u32' [-Wformat=]
../src/my_mac_driver.c:37:6: warning: unused variable 'Emac_option' [-Wunused-variable]
  u32 Emac_option = 0;
      ^
../src/my_mac_driver.c: In function 'XEmacPs_Rx_InterruptHandler':
../src/my_mac_driver.c:232:15: warning: variable 'recvlen' set but not used [-Wunused-but-set-variable]
  unsigned int recvlen = 0;
               ^
'Finished building: ../src/my_mac_driver.c'
' '
'Building target: hls_prj.elf'
'Invoking: ARM v7 gcc linker'
arm-none-eabi-gcc -mcpu=cortex-a9 -mfpu=vfpv3 -mfloat-abi=hard -Wl,-build-id=none -specs=Xilinx.spec -Wl,-T -Wl,../src/lscript.ld -L../../hls_prj_bsp/ps7_cortexa9_0/lib -o "hls_prj.elf"  ./src/helloworld.o ./src/hls_driver.o ./src/my_mac_driver.o ./src/platform.o ./src/xpid_regulator.o   -Wl,--start-group,-lxil,-lgcc,-lc,--end-group
'Finished building target: hls_prj.elf'
' '
'Invoking: ARM v7 Print Size'
arm-none-eabi-size hls_prj.elf  |tee "hls_prj.elf.size"
   text	   data	    bss	    dec	    hex	filename
 102600	   4200	  31340	 138140	  21b9c	hls_prj.elf
'Finished building: hls_prj.elf.size'
' '
12:01:37 **** Incremental Build of configuration Debug for project hls_prj ****
make pre-build main-build 
a9-linaro-pre-build-step
' '
make: Nothing to be done for `main-build'.
12:03:45 **** Auto Build of configuration Debug for project hls_prj ****
make pre-build main-build 
a9-linaro-pre-build-step
' '
'Building file: ../src/helloworld.c'
'Invoking: ARM v7 gcc compiler'
arm-none-eabi-gcc -Wall -O0 -g3 -c -fmessage-length=0 -MT"src/helloworld.o" -mcpu=cortex-a9 -mfpu=vfpv3 -mfloat-abi=hard -I../../hls_prj_bsp/ps7_cortexa9_0/include -MMD -MP -MF"src/helloworld.d" -MT"src/helloworld.o" -o "src/helloworld.o" "../src/helloworld.c"
../src/helloworld.c: In function 'Prepare_send_packet':
../src/helloworld.c:43:9: warning: 'data_send' is used uninitialized in this function [-Wuninitialized]
  strcpy(data_send->data_1,"I am zynq");
         ^
../src/helloworld.c: In function 'main':
../src/helloworld.c:113:22: warning: 'data_send' may be used uninitialized in this function [-Wmaybe-uninitialized]
    data_send->data_4 = 666;
                      ^
'Finished building: ../src/helloworld.c'
' '
'Building target: hls_prj.elf'
'Invoking: ARM v7 gcc linker'
arm-none-eabi-gcc -mcpu=cortex-a9 -mfpu=vfpv3 -mfloat-abi=hard -Wl,-build-id=none -specs=Xilinx.spec -Wl,-T -Wl,../src/lscript.ld -L../../hls_prj_bsp/ps7_cortexa9_0/lib -o "hls_prj.elf"  ./src/helloworld.o ./src/hls_driver.o ./src/my_mac_driver.o ./src/platform.o ./src/xpid_regulator.o   -Wl,--start-group,-lxil,-lgcc,-lc,--end-group
'Finished building target: hls_prj.elf'
' '
'Invoking: ARM v7 Print Size'
arm-none-eabi-size hls_prj.elf  |tee "hls_prj.elf.size"
   text	   data	    bss	    dec	    hex	filename
 102472	   4200	  31340	 138012	  21b1c	hls_prj.elf
'Finished building: hls_prj.elf.size'
' '
12:03:49 **** Auto Build of configuration Debug for project hls_prj ****
make pre-build main-build 
a9-linaro-pre-build-step
' '
'Building file: ../src/helloworld.c'
'Invoking: ARM v7 gcc compiler'
arm-none-eabi-gcc -Wall -O0 -g3 -c -fmessage-length=0 -MT"src/helloworld.o" -mcpu=cortex-a9 -mfpu=vfpv3 -mfloat-abi=hard -I../../hls_prj_bsp/ps7_cortexa9_0/include -MMD -MP -MF"src/helloworld.d" -MT"src/helloworld.o" -o "src/helloworld.o" "../src/helloworld.c"
../src/helloworld.c: In function 'Prepare_send_packet':
../src/helloworld.c:43:9: warning: 'data_send' is used uninitialized in this function [-Wuninitialized]
  strcpy(data_send->data_1,"I am zynq");
         ^
../src/helloworld.c: In function 'main':
../src/helloworld.c:113:22: warning: 'data_send' may be used uninitialized in this function [-Wmaybe-uninitialized]
    data_send->data_4 = 666;
                      ^
'Finished building: ../src/helloworld.c'
' '
'Building target: hls_prj.elf'
'Invoking: ARM v7 gcc linker'
arm-none-eabi-gcc -mcpu=cortex-a9 -mfpu=vfpv3 -mfloat-abi=hard -Wl,-build-id=none -specs=Xilinx.spec -Wl,-T -Wl,../src/lscript.ld -L../../hls_prj_bsp/ps7_cortexa9_0/lib -o "hls_prj.elf"  ./src/helloworld.o ./src/hls_driver.o ./src/my_mac_driver.o ./src/platform.o ./src/xpid_regulator.o   -Wl,--start-group,-lxil,-lgcc,-lc,--end-group
'Finished building target: hls_prj.elf'
' '
'Invoking: ARM v7 Print Size'
arm-none-eabi-size hls_prj.elf  |tee "hls_prj.elf.size"
   text	   data	    bss	    dec	    hex	filename
 102472	   4200	  31340	 138012	  21b1c	hls_prj.elf
'Finished building: hls_prj.elf.size'
' '
12:04:14 **** Incremental Build of configuration Debug for project hls_prj ****
make pre-build main-build 
a9-linaro-pre-build-step
' '
make: Nothing to be done for `main-build'.
12:06:07 **** Auto Build of configuration Debug for project hls_prj ****
make pre-build main-build 
a9-linaro-pre-build-step
' '
'Building file: ../src/helloworld.c'
'Invoking: ARM v7 gcc compiler'
arm-none-eabi-gcc -Wall -O0 -g3 -c -fmessage-length=0 -MT"src/helloworld.o" -mcpu=cortex-a9 -mfpu=vfpv3 -mfloat-abi=hard -I../../hls_prj_bsp/ps7_cortexa9_0/include -MMD -MP -MF"src/helloworld.d" -MT"src/helloworld.o" -o "src/helloworld.o" "../src/helloworld.c"
../src/helloworld.c: In function 'Prepare_send_packet':
../src/helloworld.c:43:9: warning: 'data_send' is used uninitialized in this function [-Wuninitialized]
  strcpy(data_send->data_1,"I am zynq");
         ^
../src/helloworld.c: In function 'main':
../src/helloworld.c:115:22: warning: 'data_send' may be used uninitialized in this function [-Wmaybe-uninitialized]
    data_send->data_4 = 666;
                      ^
'Finished building: ../src/helloworld.c'
' '
'Building target: hls_prj.elf'
'Invoking: ARM v7 gcc linker'
arm-none-eabi-gcc -mcpu=cortex-a9 -mfpu=vfpv3 -mfloat-abi=hard -Wl,-build-id=none -specs=Xilinx.spec -Wl,-T -Wl,../src/lscript.ld -L../../hls_prj_bsp/ps7_cortexa9_0/lib -o "hls_prj.elf"  ./src/helloworld.o ./src/hls_driver.o ./src/my_mac_driver.o ./src/platform.o ./src/xpid_regulator.o   -Wl,--start-group,-lxil,-lgcc,-lc,--end-group
'Finished building target: hls_prj.elf'
' '
'Invoking: ARM v7 Print Size'
arm-none-eabi-size hls_prj.elf  |tee "hls_prj.elf.size"
   text	   data	    bss	    dec	    hex	filename
 102472	   4200	  31340	 138012	  21b1c	hls_prj.elf
'Finished building: hls_prj.elf.size'
' '
12:06:22 **** Auto Build of configuration Debug for project hls_prj ****
make pre-build main-build 
a9-linaro-pre-build-step
' '
'Building file: ../src/helloworld.c'
'Invoking: ARM v7 gcc compiler'
arm-none-eabi-gcc -Wall -O0 -g3 -c -fmessage-length=0 -MT"src/helloworld.o" -mcpu=cortex-a9 -mfpu=vfpv3 -mfloat-abi=hard -I../../hls_prj_bsp/ps7_cortexa9_0/include -MMD -MP -MF"src/helloworld.d" -MT"src/helloworld.o" -o "src/helloworld.o" "../src/helloworld.c"
../src/helloworld.c: In function 'Prepare_send_packet':
../src/helloworld.c:43:9: warning: 'data_send' is used uninitialized in this function [-Wuninitialized]
  strcpy(data_send->data_1,"I am zynq");
         ^
../src/helloworld.c: In function 'main':
../src/helloworld.c:93:9: warning: 'data_send' may be used uninitialized in this function [-Wmaybe-uninitialized]
  strcpy(data_send->data_1,"I am zynq");
         ^
'Finished building: ../src/helloworld.c'
' '
'Building target: hls_prj.elf'
'Invoking: ARM v7 gcc linker'
arm-none-eabi-gcc -mcpu=cortex-a9 -mfpu=vfpv3 -mfloat-abi=hard -Wl,-build-id=none -specs=Xilinx.spec -Wl,-T -Wl,../src/lscript.ld -L../../hls_prj_bsp/ps7_cortexa9_0/lib -o "hls_prj.elf"  ./src/helloworld.o ./src/hls_driver.o ./src/my_mac_driver.o ./src/platform.o ./src/xpid_regulator.o   -Wl,--start-group,-lxil,-lgcc,-lc,--end-group
'Finished building target: hls_prj.elf'
' '
'Invoking: ARM v7 Print Size'
arm-none-eabi-size hls_prj.elf  |tee "hls_prj.elf.size"
   text	   data	    bss	    dec	    hex	filename
 102600	   4200	  31340	 138140	  21b9c	hls_prj.elf
'Finished building: hls_prj.elf.size'
' '
12:06:32 **** Auto Build of configuration Debug for project hls_prj ****
make pre-build main-build 
a9-linaro-pre-build-step
' '
'Building file: ../src/helloworld.c'
'Invoking: ARM v7 gcc compiler'
arm-none-eabi-gcc -Wall -O0 -g3 -c -fmessage-length=0 -MT"src/helloworld.o" -mcpu=cortex-a9 -mfpu=vfpv3 -mfloat-abi=hard -I../../hls_prj_bsp/ps7_cortexa9_0/include -MMD -MP -MF"src/helloworld.d" -MT"src/helloworld.o" -o "src/helloworld.o" "../src/helloworld.c"
../src/helloworld.c: In function 'Prepare_send_packet':
../src/helloworld.c:43:9: warning: 'data_send' is used uninitialized in this function [-Wuninitialized]
  strcpy(data_send->data_1,"I am zynq");
         ^
../src/helloworld.c: In function 'main':
../src/helloworld.c:93:9: warning: 'data_send' may be used uninitialized in this function [-Wmaybe-uninitialized]
  strcpy(data_send->data_1,"I am zynq");
         ^
'Finished building: ../src/helloworld.c'
' '
'Building target: hls_prj.elf'
'Invoking: ARM v7 gcc linker'
arm-none-eabi-gcc -mcpu=cortex-a9 -mfpu=vfpv3 -mfloat-abi=hard -Wl,-build-id=none -specs=Xilinx.spec -Wl,-T -Wl,../src/lscript.ld -L../../hls_prj_bsp/ps7_cortexa9_0/lib -o "hls_prj.elf"  ./src/helloworld.o ./src/hls_driver.o ./src/my_mac_driver.o ./src/platform.o ./src/xpid_regulator.o   -Wl,--start-group,-lxil,-lgcc,-lc,--end-group
'Finished building target: hls_prj.elf'
' '
'Invoking: ARM v7 Print Size'
arm-none-eabi-size hls_prj.elf  |tee "hls_prj.elf.size"
   text	   data	    bss	    dec	    hex	filename
 102600	   4200	  31340	 138140	  21b9c	hls_prj.elf
'Finished building: hls_prj.elf.size'
' '
12:06:43 **** Auto Build of configuration Debug for project hls_prj ****
make pre-build main-build 
a9-linaro-pre-build-step
' '
'Building file: ../src/helloworld.c'
'Invoking: ARM v7 gcc compiler'
arm-none-eabi-gcc -Wall -O0 -g3 -c -fmessage-length=0 -MT"src/helloworld.o" -mcpu=cortex-a9 -mfpu=vfpv3 -mfloat-abi=hard -I../../hls_prj_bsp/ps7_cortexa9_0/include -MMD -MP -MF"src/helloworld.d" -MT"src/helloworld.o" -o "src/helloworld.o" "../src/helloworld.c"
../src/helloworld.c: In function 'Prepare_send_packet':
../src/helloworld.c:43:9: warning: 'data_send' is used uninitialized in this function [-Wuninitialized]
  strcpy(data_send->data_1,"I am zynq");
         ^
../src/helloworld.c: In function 'main':
../src/helloworld.c:93:9: warning: 'data_send' may be used uninitialized in this function [-Wmaybe-uninitialized]
  strcpy(data_send->data_1,"I am zynq");
         ^
'Finished building: ../src/helloworld.c'
' '
'Building target: hls_prj.elf'
'Invoking: ARM v7 gcc linker'
arm-none-eabi-gcc -mcpu=cortex-a9 -mfpu=vfpv3 -mfloat-abi=hard -Wl,-build-id=none -specs=Xilinx.spec -Wl,-T -Wl,../src/lscript.ld -L../../hls_prj_bsp/ps7_cortexa9_0/lib -o "hls_prj.elf"  ./src/helloworld.o ./src/hls_driver.o ./src/my_mac_driver.o ./src/platform.o ./src/xpid_regulator.o   -Wl,--start-group,-lxil,-lgcc,-lc,--end-group
'Finished building target: hls_prj.elf'
' '
'Invoking: ARM v7 Print Size'
arm-none-eabi-size hls_prj.elf  |tee "hls_prj.elf.size"
   text	   data	    bss	    dec	    hex	filename
 102600	   4200	  31340	 138140	  21b9c	hls_prj.elf
'Finished building: hls_prj.elf.size'
' '
12:06:51 **** Auto Build of configuration Debug for project hls_prj ****
make pre-build main-build 
a9-linaro-pre-build-step
' '
'Building file: ../src/helloworld.c'
'Invoking: ARM v7 gcc compiler'
arm-none-eabi-gcc -Wall -O0 -g3 -c -fmessage-length=0 -MT"src/helloworld.o" -mcpu=cortex-a9 -mfpu=vfpv3 -mfloat-abi=hard -I../../hls_prj_bsp/ps7_cortexa9_0/include -MMD -MP -MF"src/helloworld.d" -MT"src/helloworld.o" -o "src/helloworld.o" "../src/helloworld.c"
../src/helloworld.c: In function 'Prepare_send_packet':
../src/helloworld.c:43:9: warning: 'data_send' is used uninitialized in this function [-Wuninitialized]
  strcpy(data_send->data_1,"I am zynq");
         ^
../src/helloworld.c: In function 'main':
../src/helloworld.c:93:9: warning: 'data_send' may be used uninitialized in this function [-Wmaybe-uninitialized]
  strcpy(data_send->data_1,"I am zynq");
         ^
'Finished building: ../src/helloworld.c'
' '
'Building target: hls_prj.elf'
'Invoking: ARM v7 gcc linker'
arm-none-eabi-gcc -mcpu=cortex-a9 -mfpu=vfpv3 -mfloat-abi=hard -Wl,-build-id=none -specs=Xilinx.spec -Wl,-T -Wl,../src/lscript.ld -L../../hls_prj_bsp/ps7_cortexa9_0/lib -o "hls_prj.elf"  ./src/helloworld.o ./src/hls_driver.o ./src/my_mac_driver.o ./src/platform.o ./src/xpid_regulator.o   -Wl,--start-group,-lxil,-lgcc,-lc,--end-group
'Finished building target: hls_prj.elf'
' '
'Invoking: ARM v7 Print Size'
arm-none-eabi-size hls_prj.elf  |tee "hls_prj.elf.size"
   text	   data	    bss	    dec	    hex	filename
 102600	   4200	  31340	 138140	  21b9c	hls_prj.elf
'Finished building: hls_prj.elf.size'
' '
12:07:09 **** Incremental Build of configuration Debug for project hls_prj ****
make pre-build main-build 
a9-linaro-pre-build-step
' '
make: Nothing to be done for `main-build'.
12:10:02 **** Auto Build of configuration Debug for project hls_prj ****
make pre-build main-build 
a9-linaro-pre-build-step
' '
'Building file: ../src/helloworld.c'
'Invoking: ARM v7 gcc compiler'
arm-none-eabi-gcc -Wall -O0 -g3 -c -fmessage-length=0 -MT"src/helloworld.o" -mcpu=cortex-a9 -mfpu=vfpv3 -mfloat-abi=hard -I../../hls_prj_bsp/ps7_cortexa9_0/include -MMD -MP -MF"src/helloworld.d" -MT"src/helloworld.o" -o "src/helloworld.o" "../src/helloworld.c"
../src/helloworld.c: In function 'Prepare_send_packet':
../src/helloworld.c:46:9: warning: 'data_send' is used uninitialized in this function [-Wuninitialized]
  strcpy(data_send->data_1,"I am zynq");
         ^
../src/helloworld.c: In function 'main':
../src/helloworld.c:96:9: warning: 'data_send' may be used uninitialized in this function [-Wmaybe-uninitialized]
  strcpy(data_send->data_1,"I am zynq");
         ^
'Finished building: ../src/helloworld.c'
' '
'Building target: hls_prj.elf'
'Invoking: ARM v7 gcc linker'
arm-none-eabi-gcc -mcpu=cortex-a9 -mfpu=vfpv3 -mfloat-abi=hard -Wl,-build-id=none -specs=Xilinx.spec -Wl,-T -Wl,../src/lscript.ld -L../../hls_prj_bsp/ps7_cortexa9_0/lib -o "hls_prj.elf"  ./src/helloworld.o ./src/hls_driver.o ./src/my_mac_driver.o ./src/platform.o ./src/xpid_regulator.o   -Wl,--start-group,-lxil,-lgcc,-lc,--end-group
'Finished building target: hls_prj.elf'
' '
'Invoking: ARM v7 Print Size'
arm-none-eabi-size hls_prj.elf  |tee "hls_prj.elf.size"
   text	   data	    bss	    dec	    hex	filename
 102600	   4200	  31340	 138140	  21b9c	hls_prj.elf
'Finished building: hls_prj.elf.size'
' '
12:10:10 **** Auto Build of configuration Debug for project hls_prj ****
make pre-build main-build 
a9-linaro-pre-build-step
' '
'Building file: ../src/helloworld.c'
'Invoking: ARM v7 gcc compiler'
arm-none-eabi-gcc -Wall -O0 -g3 -c -fmessage-length=0 -MT"src/helloworld.o" -mcpu=cortex-a9 -mfpu=vfpv3 -mfloat-abi=hard -I../../hls_prj_bsp/ps7_cortexa9_0/include -MMD -MP -MF"src/helloworld.d" -MT"src/helloworld.o" -o "src/helloworld.o" "../src/helloworld.c"
../src/helloworld.c: In function 'Prepare_send_packet':
../src/helloworld.c:46:9: warning: 'data_send' is used uninitialized in this function [-Wuninitialized]
  strcpy(data_send->data_1,"I am zynq");
         ^
../src/helloworld.c: In function 'main':
../src/helloworld.c:96:9: warning: 'data_send' may be used uninitialized in this function [-Wmaybe-uninitialized]
  strcpy(data_send->data_1,"I am zynq");
         ^
'Finished building: ../src/helloworld.c'
' '
'Building target: hls_prj.elf'
'Invoking: ARM v7 gcc linker'
arm-none-eabi-gcc -mcpu=cortex-a9 -mfpu=vfpv3 -mfloat-abi=hard -Wl,-build-id=none -specs=Xilinx.spec -Wl,-T -Wl,../src/lscript.ld -L../../hls_prj_bsp/ps7_cortexa9_0/lib -o "hls_prj.elf"  ./src/helloworld.o ./src/hls_driver.o ./src/my_mac_driver.o ./src/platform.o ./src/xpid_regulator.o   -Wl,--start-group,-lxil,-lgcc,-lc,--end-group
'Finished building target: hls_prj.elf'
' '
'Invoking: ARM v7 Print Size'
arm-none-eabi-size hls_prj.elf  |tee "hls_prj.elf.size"
   text	   data	    bss	    dec	    hex	filename
 102600	   4200	  31340	 138140	  21b9c	hls_prj.elf
'Finished building: hls_prj.elf.size'
' '
12:10:24 **** Auto Build of configuration Debug for project hls_prj ****
make pre-build main-build 
a9-linaro-pre-build-step
' '
'Building file: ../src/helloworld.c'
'Invoking: ARM v7 gcc compiler'
arm-none-eabi-gcc -Wall -O0 -g3 -c -fmessage-length=0 -MT"src/helloworld.o" -mcpu=cortex-a9 -mfpu=vfpv3 -mfloat-abi=hard -I../../hls_prj_bsp/ps7_cortexa9_0/include -MMD -MP -MF"src/helloworld.d" -MT"src/helloworld.o" -o "src/helloworld.o" "../src/helloworld.c"
../src/helloworld.c: In function 'Prepare_send_packet':
../src/helloworld.c:45:9: warning: 'data_send' is used uninitialized in this function [-Wuninitialized]
  strcpy(data_send->data_1,"I am zynq");
         ^
../src/helloworld.c: In function 'main':
../src/helloworld.c:95:9: warning: 'data_send' may be used uninitialized in this function [-Wmaybe-uninitialized]
  strcpy(data_send->data_1,"I am zynq");
         ^
'Finished building: ../src/helloworld.c'
' '
'Building target: hls_prj.elf'
'Invoking: ARM v7 gcc linker'
arm-none-eabi-gcc -mcpu=cortex-a9 -mfpu=vfpv3 -mfloat-abi=hard -Wl,-build-id=none -specs=Xilinx.spec -Wl,-T -Wl,../src/lscript.ld -L../../hls_prj_bsp/ps7_cortexa9_0/lib -o "hls_prj.elf"  ./src/helloworld.o ./src/hls_driver.o ./src/my_mac_driver.o ./src/platform.o ./src/xpid_regulator.o   -Wl,--start-group,-lxil,-lgcc,-lc,--end-group
'Finished building target: hls_prj.elf'
' '
'Invoking: ARM v7 Print Size'
arm-none-eabi-size hls_prj.elf  |tee "hls_prj.elf.size"
   text	   data	    bss	    dec	    hex	filename
 102600	   4200	  31340	 138140	  21b9c	hls_prj.elf
'Finished building: hls_prj.elf.size'
' '
