12:10:24 **** Auto Build of configuration Debug for project hls_prj ****
make pre-build main-build 
a9-linaro-pre-build-step
' '
'Building file: ../src/helloworld.c'
'Invoking: ARM v7 gcc compiler'
arm-none-eabi-gcc -Wall -O0 -g3 -c -fmessage-length=0 -MT"src/helloworld.o" -mcpu=cortex-a9 -mfpu=vfpv3 -mfloat-abi=hard -I../../hls_prj_bsp/ps7_cortexa9_0/include -MMD -MP -MF"src/helloworld.d" -MT"src/helloworld.o" -o "src/helloworld.o" "../src/helloworld.c"
../src/helloworld.c: In function 'Prepare_send_packet':
../src/helloworld.c:45:9: warning: 'data_send' is used uninitialized in this function [-Wuninitialized]
  strcpy(data_send->data_1,"I am zynq");
         ^
../src/helloworld.c: In function 'main':
../src/helloworld.c:95:9: warning: 'data_send' may be used uninitialized in this function [-Wmaybe-uninitialized]
  strcpy(data_send->data_1,"I am zynq");
         ^
'Finished building: ../src/helloworld.c'
' '
'Building target: hls_prj.elf'
'Invoking: ARM v7 gcc linker'
arm-none-eabi-gcc -mcpu=cortex-a9 -mfpu=vfpv3 -mfloat-abi=hard -Wl,-build-id=none -specs=Xilinx.spec -Wl,-T -Wl,../src/lscript.ld -L../../hls_prj_bsp/ps7_cortexa9_0/lib -o "hls_prj.elf"  ./src/helloworld.o ./src/hls_driver.o ./src/my_mac_driver.o ./src/platform.o ./src/xpid_regulator.o   -Wl,--start-group,-lxil,-lgcc,-lc,--end-group
'Finished building target: hls_prj.elf'
' '
'Invoking: ARM v7 Print Size'
arm-none-eabi-size hls_prj.elf  |tee "hls_prj.elf.size"
   text	   data	    bss	    dec	    hex	filename
 102600	   4200	  31340	 138140	  21b9c	hls_prj.elf
'Finished building: hls_prj.elf.size'
' '

12:10:26 Build Finished (took 1s.933ms)

